Component: ARM Compiler 5.06 update 6 (build 750) Tool: armlink [4d35ed]

==============================================================================

Section Cross References

    startup_stm32f40_41xxx.o(RESET) refers to startup_stm32f40_41xxx.o(STACK) for __initial_sp
    startup_stm32f40_41xxx.o(RESET) refers to startup_stm32f40_41xxx.o(.text) for Reset_Handler
    startup_stm32f40_41xxx.o(RESET) refers to stm32f4xx_it.o(.text) for NMI_Handler
    startup_stm32f40_41xxx.o(RESET) refers to tm_stm32f4_exti.o(.text) for EXTI0_IRQHandler
    startup_stm32f40_41xxx.o(RESET) refers to tm_stm32f4_dma.o(.text) for DMA1_Stream0_IRQHandler
    startup_stm32f40_41xxx.o(RESET) refers to tm_stm32f4_usart.o(.text) for USART1_IRQHandler
    startup_stm32f40_41xxx.o(.text) refers to system_stm32f4xx.o(.text) for SystemInit
    startup_stm32f40_41xxx.o(.text) refers to entry.o(.ARM.Collect$$$$00000000) for __main
    stm32f4xx_rcc.o(.text) refers to stm32f4xx_rcc.o(.data) for .data
    stm32f4xx_gpio.o(.text) refers to stm32f4xx_rcc.o(.text) for RCC_AHB1PeriphResetCmd
    stm32f4xx_usart.o(.text) refers to stm32f4xx_rcc.o(.text) for RCC_APB2PeriphResetCmd
    stm32f4xx_tim.o(.text) refers to stm32f4xx_rcc.o(.text) for RCC_APB2PeriphResetCmd
    stm32f4xx_i2c.o(.text) refers to stm32f4xx_rcc.o(.text) for RCC_APB1PeriphResetCmd
    stm32f4xx_adc.o(.text) refers to stm32f4xx_rcc.o(.text) for RCC_APB2PeriphResetCmd
    tm_stm32f4_delay.o(.text) refers to malloc.o(i.malloc) for malloc
    tm_stm32f4_delay.o(.text) refers to malloc.o(i.free) for free
    tm_stm32f4_delay.o(.text) refers to tm_stm32f4_delay.o(.data) for .data
    tm_stm32f4_delay.o(.text) refers to tm_stm32f4_delay.o(.bss) for .bss
    tm_stm32f4_delay.o(.text) refers to system_stm32f4xx.o(.data) for SystemCoreClock
    tm_stm32f4_usart.o(.text) refers to tm_stm32f4_gpio.o(.text) for TM_GPIO_InitAlternate
    tm_stm32f4_usart.o(.text) refers to stm32f4xx_usart.o(.text) for USART_DeInit
    tm_stm32f4_usart.o(.text) refers to misc.o(.text) for NVIC_Init
    tm_stm32f4_usart.o(.text) refers to tm_stm32f4_usart.o(.data) for .data
    tm_stm32f4_usart.o(.data) refers to tm_stm32f4_usart.o(.bss) for TM_USART1_Buffer
    tm_stm32f4_usart.o(.data) refers to tm_stm32f4_usart.o(.bss) for TM_USART2_Buffer
    tm_stm32f4_usart.o(.data) refers to tm_stm32f4_usart.o(.bss) for TM_USART3_Buffer
    tm_stm32f4_usart.o(.data) refers to tm_stm32f4_usart.o(.bss) for TM_UART4_Buffer
    tm_stm32f4_usart.o(.data) refers to tm_stm32f4_usart.o(.bss) for TM_UART5_Buffer
    tm_stm32f4_usart.o(.data) refers to tm_stm32f4_usart.o(.bss) for TM_USART6_Buffer
    tm_stm32f4_gpio.o(.text) refers to tm_stm32f4_gpio.o(.bss) for .bss
    tm_stm32f4_pwm.o(.text) refers to tm_stm32f4_timer_properties.o(.text) for TM_TIMER_PROPERTIES_GetTimerProperties
    tm_stm32f4_pwm.o(.text) refers to dfltui.o(.text) for __aeabi_ui2d
    tm_stm32f4_pwm.o(.text) refers to cdcmple.o(.text) for __aeabi_cdcmple
    tm_stm32f4_pwm.o(.text) refers to dfixui.o(.text) for __aeabi_d2uiz
    tm_stm32f4_pwm.o(.text) refers to ddiv.o(.text) for __aeabi_ddiv
    tm_stm32f4_pwm.o(.text) refers to stm32f4xx_tim.o(.text) for TIM_TimeBaseInit
    tm_stm32f4_pwm.o(.text) refers to tm_stm32f4_gpio.o(.text) for TM_GPIO_InitAlternate
    tm_stm32f4_pwmin.o(.text) refers to tm_stm32f4_gpio.o(.text) for TM_GPIO_InitAlternate
    tm_stm32f4_pwmin.o(.text) refers to tm_stm32f4_timer_properties.o(.text) for TM_TIMER_PROPERTIES_GetTimerProperties
    tm_stm32f4_pwmin.o(.text) refers to f2d.o(.text) for __aeabi_f2d
    tm_stm32f4_pwmin.o(.text) refers to stm32f4xx_tim.o(.text) for TIM_TimeBaseStructInit
    tm_stm32f4_pwmin.o(.text) refers to misc.o(.text) for NVIC_Init
    tm_stm32f4_pwmin.o(.text) refers to tm_stm32f4_pwmin.o(.data) for .data
    tm_stm32f4_timer_properties.o(.text) refers to stm32f4xx_rcc.o(.text) for RCC_GetClocksFreq
    tm_stm32f4_timer_properties.o(.text) refers to dfltui.o(.text) for __aeabi_ui2d
    tm_stm32f4_timer_properties.o(.text) refers to cdcmple.o(.text) for __aeabi_cdcmple
    tm_stm32f4_timer_properties.o(.text) refers to ddiv.o(.text) for __aeabi_ddiv
    tm_stm32f4_timer_properties.o(.text) refers to dfixui.o(.text) for __aeabi_d2uiz
    tm_stm32f4_dma.o(.text) refers to misc.o(.text) for NVIC_Init
    tm_stm32f4_dma.o(.text) refers to tm_stm32f4_dma.o(.constdata) for .constdata
    tm_stm32f4_usart_dma.o(.text) refers to tm_stm32f4_dma.o(.text) for TM_DMA_ClearFlags
    tm_stm32f4_usart_dma.o(.text) refers to stm32f4xx_dma.o(.text) for DMA_DeInit
    tm_stm32f4_usart_dma.o(.text) refers to strlen.o(.text) for strlen
    tm_stm32f4_usart_dma.o(.text) refers to tm_stm32f4_usart_dma.o(.data) for .data
    tm_stm32f4_usart_dma.o(.text) refers to tm_stm32f4_usart_dma.o(.bss) for .bss
    tm_stm32f4_bmp180.o(.text) refers to tm_stm32f4_i2c.o(.text) for TM_I2C_Init
    tm_stm32f4_bmp180.o(.text) refers to dflti.o(.text) for __aeabi_i2d
[...]
    _printf_longlong_hex                     0x00000000   Number         0  stubs.o ABSOLUTE
    _printf_longlong_oct                     0x00000000   Number         0  stubs.o ABSOLUTE
    _printf_ls                               0x00000000   Number         0  stubs.o ABSOLUTE
    _printf_mbtowc                           0x00000000   Number         0  stubs.o ABSOLUTE
    _printf_n                                0x00000000   Number         0  stubs.o ABSOLUTE
    _printf_o                                0x00000000   Number         0  stubs.o ABSOLUTE
    _printf_p                                0x00000000   Number         0  stubs.o ABSOLUTE
    _printf_percent                          0x00000000   Number         0  stubs.o ABSOLUTE
    _printf_pre_padding                      0x00000000   Number         0  stubs.o ABSOLUTE
    _printf_return_value                     0x00000000   Number         0  stubs.o ABSOLUTE
    _printf_s                                0x00000000   Number         0  stubs.o ABSOLUTE
    _printf_sizespec                         0x00000000   Number         0  stubs.o ABSOLUTE
    _printf_str                              0x00000000   Number         0  stubs.o ABSOLUTE
    _printf_truncate_signed                  0x00000000   Number         0  stubs.o ABSOLUTE
    _printf_truncate_unsigned                0x00000000   Number         0  stubs.o ABSOLUTE
    _printf_u                                0x00000000   Number         0  stubs.o ABSOLUTE
    _printf_wc                               0x00000000   Number         0  stubs.o ABSOLUTE
    _printf_wctomb                           0x00000000   Number         0  stubs.o ABSOLUTE
    _printf_widthprec                        0x00000000   Number         0  stubs.o ABSOLUTE
    _printf_x                                0x00000000   Number         0  stubs.o ABSOLUTE
    TM_DELAY_1msHandler                       - Undefined Weak Reference
    __cpp_initialize__aeabi_                  - Undefined Weak Reference
    __cxa_finalize                            - Undefined Weak Reference
    _clock_init                               - Undefined Weak Reference
    _microlib_exit                            - Undefined Weak Reference
    __Vectors_Size                           0x00000188   Number         0  startup_stm32f40_41xxx.o ABSOLUTE
    __Vectors                                0x08000000   Data           4  startup_stm32f40_41xxx.o(RESET)
    __Vectors_End                            0x08000188   Data           0  startup_stm32f40_41xxx.o(RESET)
    __main                                   0x08000189   Thumb Code     0  entry.o(.ARM.Collect$$$$00000000)
    _main_stk                                0x08000189   Thumb Code     0  entry2.o(.ARM.Collect$$$$00000001)
    _main_scatterload                        0x0800018d   Thumb Code     0  entry5.o(.ARM.Collect$$$$00000004)
    __main_after_scatterload                 0x08000191   Thumb Code     0  entry5.o(.ARM.Collect$$$$00000004)
    _main_clock                              0x08000191   Thumb Code     0  entry7b.o(.ARM.Collect$$$$00000008)
    _main_cpp_init                           0x08000191   Thumb Code     0  entry8b.o(.ARM.Collect$$$$0000000A)
    _main_init                               0x08000191   Thumb Code     0  entry9a.o(.ARM.Collect$$$$0000000B)
    __rt_final_cpp                           0x08000199   Thumb Code     0  entry10a.o(.ARM.Collect$$$$0000000D)
    __rt_final_exit                          0x08000199   Thumb Code     0  entry11a.o(.ARM.Collect$$$$0000000F)
    Reset_Handler                            0x0800019d   Thumb Code     8  startup_stm32f40_41xxx.o(.text)
    ADC_IRQHandler                           0x080001b7   Thumb Code     0  startup_stm32f40_41xxx.o(.text)
    CAN1_RX0_IRQHandler                      0x080001b7   Thumb Code     0  startup_stm32f40_41xxx.o(.text)
    CAN1_RX1_IRQHandler                      0x080001b7   Thumb Code     0  startup_stm32f40_41xxx.o(.text)
    CAN1_SCE_IRQHandler                      0x080001b7   Thumb Code     0  startup_stm32f40_41xxx.o(.text)
    CAN1_TX_IRQHandler                       0x080001b7   Thumb Code     0  startup_stm32f40_41xxx.o(.text)
    CAN2_RX0_IRQHandler                      0x080001b7   Thumb Code     0  startup_stm32f40_41xxx.o(.text)
    CAN2_RX1_IRQHandler                      0x080001b7   Thumb Code     0  startup_stm32f40_41xxx.o(.text)
    CAN2_SCE_IRQHandler                      0x080001b7   Thumb Code     0  startup_stm32f40_41xxx.o(.text)
    CAN2_TX_IRQHandler                       0x080001b7   Thumb Code     0  startup_stm32f40_41xxx.o(.text)
    CRYP_IRQHandler                          0x080001b7   Thumb Code     0  startup_stm32f40_41xxx.o(.text)
    DCMI_IRQHandler                          0x080001b7   Thumb Code     0  startup_stm32f40_41xxx.o(.text)
    ETH_IRQHandler                           0x080001b7   Thumb Code     0  startup_stm32f40_41xxx.o(.text)
    ETH_WKUP_IRQHandler                      0x080001b7   Thumb Code     0  startup_stm32f40_41xxx.o(.text)
    FLASH_IRQHandler                         0x080001b7   Thumb Code     0  startup_stm32f40_41xxx.o(.text)
    FPU_IRQHandler                           0x080001b7   Thumb Code     0  startup_stm32f40_41xxx.o(.text)
    FSMC_IRQHandler                          0x080001b7   Thumb Code     0  startup_stm32f40_41xxx.o(.text)
    HASH_RNG_IRQHandler                      0x080001b7   Thumb Code     0  startup_stm32f40_41xxx.o(.text)
    I2C1_ER_IRQHandler                       0x080001b7   Thumb Code     0  startup_stm32f40_41xxx.o(.text)
    I2C1_EV_IRQHandler                       0x080001b7   Thumb Code     0  startup_stm32f40_41xxx.o(.text)
    I2C2_ER_IRQHandler                       0x080001b7   Thumb Code     0  startup_stm32f40_41xxx.o(.text)
    I2C2_EV_IRQHandler                       0x080001b7   Thumb Code     0  startup_stm32f40_41xxx.o(.text)
    I2C3_ER_IRQHandler                       0x080001b7   Thumb Code     0  startup_stm32f40_41xxx.o(.text)
    I2C3_EV_IRQHandler                       0x080001b7   Thumb Code     0  startup_stm32f40_41xxx.o(.text)
    OTG_FS_IRQHandler                        0x080001b7   Thumb Code     0  startup_stm32f40_41xxx.o(.text)
    OTG_FS_WKUP_IRQHandler                   0x080001b7   Thumb Code     0  startup_stm32f40_41xxx.o(.text)
    OTG_HS_EP1_IN_IRQHandler                 0x080001b7   Thumb Code     0  startup_stm32f40_41xxx.o(.text)
    OTG_HS_EP1_OUT_IRQHandler                0x080001b7   Thumb Code     0  startup_stm32f40_41xxx.o(.text)
    OTG_HS_IRQHandler                        0x080001b7   Thumb Code     0  startup_stm32f40_41xxx.o(.text)
    OTG_HS_WKUP_IRQHandler                   0x080001b7   Thumb Code     0  startup_stm32f40_41xxx.o(.text)
    PVD_IRQHandler                           0x080001b7   Thumb Code     0  startup_stm32f40_41xxx.o(.text)
    RCC_IRQHandler                           0x080001b7   Thumb Code     0  startup_stm32f40_41xxx.o(.text)
    RTC_Alarm_IRQHandler                     0x080001b7   Thumb Code     0  startup_stm32f40_41xxx.o(.text)
    RTC_WKUP_IRQHandler                      0x080001b7   Thumb Code     0  startup_stm32f40_41xxx.o(.text)
    SDIO_IRQHandler                          0x080001b7   Thumb Code     0  startup_stm32f40_41xxx.o(.text)
    SPI1_IRQHandler                          0x080001b7   Thumb Code     0  startup_stm32f40_41xxx.o(.text)
    SPI2_IRQHandler                          0x080001b7   Thumb Code     0  startup_stm32f40_41xxx.o(.text)
    SPI3_IRQHandler                          0x080001b7   Thumb Code     0  startup_stm32f40_41xxx.o(.text)
    TAMP_STAMP_IRQHandler                    0x080001b7   Thumb Code     0  startup_stm32f40_41xxx.o(.text)
    TIM1_BRK_TIM9_IRQHandler                 0x080001b7   Thumb Code     0  startup_stm32f40_41xxx.o(.text)
    TIM1_CC_IRQHandler                       0x080001b7   Thumb Code     0  startup_stm32f40_41xxx.o(.text)
    TIM1_TRG_COM_TIM11_IRQHandler            0x080001b7   Thumb Code     0  startup_stm32f40_41xxx.o(.text)
    TIM1_UP_TIM10_IRQHandler                 0x080001b7   Thumb Code     0  startup_stm32f40_41xxx.o(.text)
    TIM2_IRQHandler                          0x080001b7   Thumb Code     0  startup_stm32f40_41xxx.o(.text)
    TIM3_IRQHandler                          0x080001b7   Thumb Code     0  startup_stm32f40_41xxx.o(.text)
    TIM4_IRQHandler                          0x080001b7   Thumb Code     0  startup_stm32f40_41xxx.o(.text)
    TIM5_IRQHandler                          0x080001b7   Thumb Code     0  startup_stm32f40_41xxx.o(.text)
    TIM6_DAC_IRQHandler                      0x080001b7   Thumb Code     0  startup_stm32f40_41xxx.o(.text)
    TIM7_IRQHandler                          0x080001b7   Thumb Code     0  startup_stm32f40_41xxx.o(.text)
    TIM8_BRK_TIM12_IRQHandler                0x080001b7   Thumb Code     0  startup_stm32f40_41xxx.o(.text)
    TIM8_CC_IRQHandler                       0x080001b7   Thumb Code     0  startup_stm32f40_41xxx.o(.text)
    TIM8_TRG_COM_TIM14_IRQHandler            0x080001b7   Thumb Code     0  startup_stm32f40_41xxx.o(.text)
    TIM8_UP_TIM13_IRQHandler                 0x080001b7   Thumb Code     0  startup_stm32f40_41xxx.o(.text)
    USART2_IRQHandler                        0x080001b7   Thumb Code     0  startup_stm32f40_41xxx.o(.text)
    WWDG_IRQHandler                          0x080001b7   Thumb Code     0  startup_stm32f40_41xxx.o(.text)
    NVIC_PriorityGroupConfig                 0x080001c1   Thumb Code    10  misc.o(.text)
    NVIC_Init                                0x080001cb   Thumb Code    96  misc.o(.text)
    NVIC_SetVectorTable                      0x0800022b   Thumb Code    14  misc.o(.text)
    NVIC_SystemLPConfig                      0x08000239   Thumb Code    20  misc.o(.text)
    SysTick_CLKSourceConfig                  0x0800024d   Thumb Code    24  misc.o(.text)
    RCC_DeInit                               0x08000271   Thumb Code    68  stm32f4xx_rcc.o(.text)
    RCC_HSEConfig                            0x080002b5   Thumb Code    12  stm32f4xx_rcc.o(.text)
    RCC_GetFlagStatus                        0x080002c1   Thumb Code    46  stm32f4xx_rcc.o(.text)
    RCC_WaitForHSEStartUp                    0x080002ef   Thumb Code    44  stm32f4xx_rcc.o(.text)
    RCC_AdjustHSICalibrationValue            0x0800031b   Thumb Code    16  stm32f4xx_rcc.o(.text)
    RCC_HSICmd                               0x0800032b   Thumb Code     6  stm32f4xx_rcc.o(.text)
    RCC_LSEConfig                            0x08000331   Thumb Code    24  stm32f4xx_rcc.o(.text)
    RCC_LSICmd                               0x08000349   Thumb Code     6  stm32f4xx_rcc.o(.text)
    RCC_PLLConfig                            0x0800034f   Thumb Code    32  stm32f4xx_rcc.o(.text)
    RCC_PLLCmd                               0x0800036f   Thumb Code     6  stm32f4xx_rcc.o(.text)
    RCC_PLLI2SConfig                         0x08000375   Thumb Code    14  stm32f4xx_rcc.o(.text)
    RCC_PLLI2SCmd                            0x08000383   Thumb Code     6  stm32f4xx_rcc.o(.text)
    RCC_PLLSAIConfig                         0x08000389   Thumb Code    18  stm32f4xx_rcc.o(.text)
    RCC_PLLSAICmd                            0x0800039b   Thumb Code     6  stm32f4xx_rcc.o(.text)
    RCC_ClockSecuritySystemCmd               0x080003a1   Thumb Code     6  stm32f4xx_rcc.o(.text)
    RCC_MCO1Config                           0x080003a7   Thumb Code    18  stm32f4xx_rcc.o(.text)
    RCC_MCO2Config                           0x080003b9   Thumb Code    18  stm32f4xx_rcc.o(.text)
    RCC_SYSCLKConfig                         0x080003cb   Thumb Code    16  stm32f4xx_rcc.o(.text)
    RCC_GetSYSCLKSource                      0x080003db   Thumb Code    12  stm32f4xx_rcc.o(.text)
    RCC_HCLKConfig                           0x080003e7   Thumb Code    16  stm32f4xx_rcc.o(.text)
    RCC_PCLK1Config                          0x080003f7   Thumb Code    16  stm32f4xx_rcc.o(.text)
    RCC_PCLK2Config                          0x08000407   Thumb Code    18  stm32f4xx_rcc.o(.text)
    RCC_GetClocksFreq                        0x08000419   Thumb Code   134  stm32f4xx_rcc.o(.text)
    RCC_RTCCLKConfig                         0x0800049f   Thumb Code    42  stm32f4xx_rcc.o(.text)
    RCC_RTCCLKCmd                            0x080004c9   Thumb Code     8  stm32f4xx_rcc.o(.text)
    RCC_BackupResetCmd                       0x080004d1   Thumb Code     8  stm32f4xx_rcc.o(.text)
    RCC_I2SCLKConfig                         0x080004d9   Thumb Code     8  stm32f4xx_rcc.o(.text)
    RCC_SAIBlockACLKConfig                   0x080004e1   Thumb Code    16  stm32f4xx_rcc.o(.text)
    RCC_SAIBlockBCLKConfig                   0x080004f1   Thumb Code    16  stm32f4xx_rcc.o(.text)
    RCC_SAIPLLI2SClkDivConfig                0x08000501   Thumb Code    18  stm32f4xx_rcc.o(.text)
    RCC_SAIPLLSAIClkDivConfig                0x08000513   Thumb Code    24  stm32f4xx_rcc.o(.text)
    RCC_LTDCCLKDivConfig                     0x0800052b   Thumb Code    16  stm32f4xx_rcc.o(.text)
    RCC_TIMCLKPresConfig                     0x0800053b   Thumb Code     8  stm32f4xx_rcc.o(.text)
    RCC_AHB1PeriphClockCmd                   0x08000543   Thumb Code    20  stm32f4xx_rcc.o(.text)
    RCC_AHB2PeriphClockCmd                   0x08000557   Thumb Code    20  stm32f4xx_rcc.o(.text)
    RCC_AHB3PeriphClockCmd                   0x0800056b   Thumb Code    20  stm32f4xx_rcc.o(.text)
    RCC_APB1PeriphClockCmd                   0x0800057f   Thumb Code    20  stm32f4xx_rcc.o(.text)
    RCC_APB2PeriphClockCmd                   0x08000593   Thumb Code    20  stm32f4xx_rcc.o(.text)
    RCC_AHB1PeriphResetCmd                   0x080005a7   Thumb Code    20  stm32f4xx_rcc.o(.text)
    RCC_AHB2PeriphResetCmd                   0x080005bb   Thumb Code    20  stm32f4xx_rcc.o(.text)
    RCC_AHB3PeriphResetCmd                   0x080005cf   Thumb Code    20  stm32f4xx_rcc.o(.text)
    RCC_APB1PeriphResetCmd                   0x080005e3   Thumb Code    20  stm32f4xx_rcc.o(.text)
    RCC_APB2PeriphResetCmd                   0x080005f7   Thumb Code    20  stm32f4xx_rcc.o(.text)
    RCC_AHB1PeriphClockLPModeCmd             0x0800060b   Thumb Code    20  stm32f4xx_rcc.o(.text)
    RCC_AHB2PeriphClockLPModeCmd             0x0800061f   Thumb Code    20  stm32f4xx_rcc.o(.text)
    RCC_AHB3PeriphClockLPModeCmd             0x08000633   Thumb Code    20  stm32f4xx_rcc.o(.text)
    RCC_APB1PeriphClockLPModeCmd             0x08000647   Thumb Code    64  stm32f4xx_rcc.o(.text)
    RCC_APB2PeriphClockLPModeCmd             0x08000687   Thumb Code    18  stm32f4xx_rcc.o(.text)
    RCC_LSEModeConfig                        0x08000699   Thumb Code    24  stm32f4xx_rcc.o(.text)
    RCC_ITConfig                             0x080006b1   Thumb Code    20  stm32f4xx_rcc.o(.text)
    RCC_ClearFlag                            0x080006c5   Thumb Code    14  stm32f4xx_rcc.o(.text)
    RCC_GetITStatus                          0x080006d3   Thumb Code    18  stm32f4xx_rcc.o(.text)
    RCC_ClearITPendingBit                    0x080006e5   Thumb Code     8  stm32f4xx_rcc.o(.text)
    GPIO_DeInit                              0x080006f1   Thumb Code   216  stm32f4xx_gpio.o(.text)
    GPIO_Init                                0x080007c9   Thumb Code   120  stm32f4xx_gpio.o(.text)
    GPIO_StructInit                          0x08000841   Thumb Code    18  stm32f4xx_gpio.o(.text)
    GPIO_PinLockConfig                       0x08000853   Thumb Code    24  stm32f4xx_gpio.o(.text)
    GPIO_ReadInputDataBit                    0x0800086b   Thumb Code    14  stm32f4xx_gpio.o(.text)
    GPIO_ReadInputData                       0x08000879   Thumb Code     6  stm32f4xx_gpio.o(.text)
    GPIO_ReadOutputDataBit                   0x0800087f   Thumb Code    14  stm32f4xx_gpio.o(.text)
    GPIO_ReadOutputData                      0x0800088d   Thumb Code     6  stm32f4xx_gpio.o(.text)
    GPIO_SetBits                             0x08000893   Thumb Code     4  stm32f4xx_gpio.o(.text)
    GPIO_ResetBits                           0x08000897   Thumb Code     4  stm32f4xx_gpio.o(.text)
    GPIO_WriteBit                            0x0800089b   Thumb Code    10  stm32f4xx_gpio.o(.text)
    GPIO_Write                               0x080008a5   Thumb Code     4  stm32f4xx_gpio.o(.text)
    GPIO_ToggleBits                          0x080008a9   Thumb Code     8  stm32f4xx_gpio.o(.text)
    GPIO_PinAFConfig                         0x080008b1   Thumb Code    32  stm32f4xx_gpio.o(.text)
    USART_DeInit                             0x080008fd   Thumb Code   138  stm32f4xx_usart.o(.text)
    USART_Init                               0x08000987   Thumb Code   164  stm32f4xx_usart.o(.text)
    USART_StructInit                         0x08000a2b   Thumb Code    22  stm32f4xx_usart.o(.text)
    USART_ClockInit                          0x08000a41   Thumb Code    28  stm32f4xx_usart.o(.text)
    USART_ClockStructInit                    0x08000a5d   Thumb Code    12  stm32f4xx_usart.o(.text)
    USART_Cmd                                0x08000a69   Thumb Code    20  stm32f4xx_usart.o(.text)
    USART_SetPrescaler                       0x08000a7d   Thumb Code    16  stm32f4xx_usart.o(.text)
    USART_OverSampling8Cmd                   0x08000a8d   Thumb Code    20  stm32f4xx_usart.o(.text)
    USART_OneBitMethodCmd                    0x08000aa1   Thumb Code    20  stm32f4xx_usart.o(.text)
    USART_SendData                           0x08000ab5   Thumb Code     8  stm32f4xx_usart.o(.text)
    USART_ReceiveData                        0x08000abd   Thumb Code     8  stm32f4xx_usart.o(.text)
    USART_SetAddress                         0x08000ac5   Thumb Code    16  stm32f4xx_usart.o(.text)
    USART_ReceiverWakeUpCmd                  0x08000ad5   Thumb Code    20  stm32f4xx_usart.o(.text)
    USART_WakeUpConfig                       0x08000ae9   Thumb Code    16  stm32f4xx_usart.o(.text)
    USART_LINBreakDetectLengthConfig         0x08000af9   Thumb Code    16  stm32f4xx_usart.o(.text)
    USART_LINCmd                             0x08000b09   Thumb Code    20  stm32f4xx_usart.o(.text)
    USART_SendBreak                          0x08000b1d   Thumb Code    10  stm32f4xx_usart.o(.text)
    USART_HalfDuplexCmd                      0x08000b27   Thumb Code    20  stm32f4xx_usart.o(.text)
    USART_SetGuardTime                       0x08000b3b   Thumb Code    16  stm32f4xx_usart.o(.text)
    USART_SmartCardCmd                       0x08000b4b   Thumb Code    20  stm32f4xx_usart.o(.text)
    USART_SmartCardNACKCmd                   0x08000b5f   Thumb Code    20  stm32f4xx_usart.o(.text)
    USART_IrDAConfig                         0x08000b73   Thumb Code    16  stm32f4xx_usart.o(.text)
    USART_IrDACmd                            0x08000b83   Thumb Code    20  stm32f4xx_usart.o(.text)
    USART_DMACmd                             0x08000b97   Thumb Code    16  stm32f4xx_usart.o(.text)
    USART_ITConfig                           0x08000ba7   Thumb Code    48  stm32f4xx_usart.o(.text)
    USART_GetFlagStatus                      0x08000bd7   Thumb Code    14  stm32f4xx_usart.o(.text)
    USART_ClearFlag                          0x08000be5   Thumb Code     6  stm32f4xx_usart.o(.text)
    USART_GetITStatus                        0x08000beb   Thumb Code    62  stm32f4xx_usart.o(.text)
    USART_ClearITPendingBit                  0x08000c29   Thumb Code    12  stm32f4xx_usart.o(.text)
    TIM_DeInit                               0x08000c55   Thumb Code   284  stm32f4xx_tim.o(.text)
    TIM_TimeBaseInit                         0x08000d71   Thumb Code    96  stm32f4xx_tim.o(.text)
    TIM_TimeBaseStructInit                   0x08000dd1   Thumb Code    18  stm32f4xx_tim.o(.text)
    TIM_PrescalerConfig                      0x08000de3   Thumb Code     6  stm32f4xx_tim.o(.text)
    TIM_CounterModeConfig                    0x08000de9   Thumb Code    12  stm32f4xx_tim.o(.text)
    TIM_SetCounter                           0x08000df5   Thumb Code     4  stm32f4xx_tim.o(.text)
    TIM_SetAutoreload                        0x08000df9   Thumb Code     4  stm32f4xx_tim.o(.text)
    TIM_GetCounter                           0x08000dfd   Thumb Code     4  stm32f4xx_tim.o(.text)
    TIM_GetPrescaler                         0x08000e01   Thumb Code     4  stm32f4xx_tim.o(.text)
    TIM_UpdateDisableConfig                  0x08000e05   Thumb Code    20  stm32f4xx_tim.o(.text)
    TIM_UpdateRequestConfig                  0x08000e19   Thumb Code    20  stm32f4xx_tim.o(.text)
    TIM_ARRPreloadConfig                     0x08000e2d   Thumb Code    20  stm32f4xx_tim.o(.text)
    TIM_SelectOnePulseMode                   0x08000e41   Thumb Code    16  stm32f4xx_tim.o(.text)
    TIM_SetClockDivision                     0x08000e51   Thumb Code    16  stm32f4xx_tim.o(.text)
    TIM_Cmd                                  0x08000e61   Thumb Code    20  stm32f4xx_tim.o(.text)
    TIM_OC1Init                              0x08000e75   Thumb Code    88  stm32f4xx_tim.o(.text)
    TIM_OC2Init                              0x08000ecd   Thumb Code   120  stm32f4xx_tim.o(.text)
    TIM_OC3Init                              0x08000f45   Thumb Code   116  stm32f4xx_tim.o(.text)
    TIM_OC4Init                              0x08000fb9   Thumb Code    88  stm32f4xx_tim.o(.text)
    TIM_OCStructInit                         0x08001011   Thumb Code    20  stm32f4xx_tim.o(.text)
    TIM_SelectOCxM                           0x08001025   Thumb Code   130  stm32f4xx_tim.o(.text)
    TIM_SetCompare1                          0x080010a7   Thumb Code     4  stm32f4xx_tim.o(.text)
    TIM_SetCompare2                          0x080010ab   Thumb Code     4  stm32f4xx_tim.o(.text)
    TIM_SetCompare3                          0x080010af   Thumb Code     4  stm32f4xx_tim.o(.text)
    TIM_SetCompare4                          0x080010b3   Thumb Code     4  stm32f4xx_tim.o(.text)
    TIM_ForcedOC1Config                      0x080010b7   Thumb Code    12  stm32f4xx_tim.o(.text)
    TIM_ForcedOC2Config                      0x080010c3   Thumb Code    20  stm32f4xx_tim.o(.text)
    TIM_ForcedOC3Config                      0x080010d7   Thumb Code    12  stm32f4xx_tim.o(.text)
    TIM_ForcedOC4Config                      0x080010e3   Thumb Code    20  stm32f4xx_tim.o(.text)
    TIM_OC1PreloadConfig                     0x080010f7   Thumb Code    12  stm32f4xx_tim.o(.text)
    TIM_OC2PreloadConfig                     0x08001103   Thumb Code    20  stm32f4xx_tim.o(.text)
    TIM_OC3PreloadConfig                     0x08001117   Thumb Code    12  stm32f4xx_tim.o(.text)
    TIM_OC4PreloadConfig                     0x08001123   Thumb Code    20  stm32f4xx_tim.o(.text)
    TIM_OC1FastConfig                        0x08001137   Thumb Code    12  stm32f4xx_tim.o(.text)
    TIM_OC2FastConfig                        0x08001143   Thumb Code    20  stm32f4xx_tim.o(.text)
    TIM_OC3FastConfig                        0x08001157   Thumb Code    12  stm32f4xx_tim.o(.text)
    TIM_OC4FastConfig                        0x08001163   Thumb Code    20  stm32f4xx_tim.o(.text)
    TIM_ClearOC1Ref                          0x08001177   Thumb Code    12  stm32f4xx_tim.o(.text)
    TIM_ClearOC2Ref                          0x08001183   Thumb Code    20  stm32f4xx_tim.o(.text)
    TIM_ClearOC3Ref                          0x08001197   Thumb Code    12  stm32f4xx_tim.o(.text)
    TIM_ClearOC4Ref                          0x080011a3   Thumb Code    20  stm32f4xx_tim.o(.text)
    TIM_OC1PolarityConfig                    0x080011b7   Thumb Code    12  stm32f4xx_tim.o(.text)
    TIM_OC1NPolarityConfig                   0x080011c3   Thumb Code    12  stm32f4xx_tim.o(.text)
    TIM_OC2PolarityConfig                    0x080011cf   Thumb Code    20  stm32f4xx_tim.o(.text)
    TIM_OC2NPolarityConfig                   0x080011e3   Thumb Code    20  stm32f4xx_tim.o(.text)
    TIM_OC3PolarityConfig                    0x080011f7   Thumb Code    20  stm32f4xx_tim.o(.text)
    TIM_OC3NPolarityConfig                   0x0800120b   Thumb Code    20  stm32f4xx_tim.o(.text)
    TIM_OC4PolarityConfig                    0x0800121f   Thumb Code    20  stm32f4xx_tim.o(.text)
    TIM_CCxCmd                               0x08001233   Thumb Code    22  stm32f4xx_tim.o(.text)
    TIM_CCxNCmd                              0x08001249   Thumb Code    22  stm32f4xx_tim.o(.text)
    TIM_SetIC4Prescaler                      0x0800125f   Thumb Code    24  stm32f4xx_tim.o(.text)
    TIM_SetIC3Prescaler                      0x08001277   Thumb Code    16  stm32f4xx_tim.o(.text)
    TIM_SetIC2Prescaler                      0x08001287   Thumb Code    24  stm32f4xx_tim.o(.text)
    TIM_SetIC1Prescaler                      0x080012d5   Thumb Code    16  stm32f4xx_tim.o(.text)
    TIM_ICInit                               0x080012e5   Thumb Code   164  stm32f4xx_tim.o(.text)
    TIM_ICStructInit                         0x08001389   Thumb Code    16  stm32f4xx_tim.o(.text)
    TIM_PWMIConfig                           0x08001399   Thumb Code   104  stm32f4xx_tim.o(.text)
    TIM_GetCapture1                          0x08001401   Thumb Code     4  stm32f4xx_tim.o(.text)
    TIM_GetCapture2                          0x08001405   Thumb Code     4  stm32f4xx_tim.o(.text)
    TIM_GetCapture3                          0x08001409   Thumb Code     4  stm32f4xx_tim.o(.text)
    TIM_GetCapture4                          0x0800140d   Thumb Code     4  stm32f4xx_tim.o(.text)
    TIM_BDTRConfig                           0x08001411   Thumb Code    34  stm32f4xx_tim.o(.text)
    TIM_BDTRStructInit                       0x08001433   Thumb Code    18  stm32f4xx_tim.o(.text)
    TIM_CtrlPWMOutputs                       0x08001445   Thumb Code    22  stm32f4xx_tim.o(.text)
    TIM_SelectCOM                            0x0800145b   Thumb Code    20  stm32f4xx_tim.o(.text)
    TIM_CCPreloadControl                     0x0800146f   Thumb Code    20  stm32f4xx_tim.o(.text)
    TIM_ITConfig                             0x08001483   Thumb Code    16  stm32f4xx_tim.o(.text)
    TIM_GenerateEvent                        0x08001493   Thumb Code     4  stm32f4xx_tim.o(.text)
    TIM_GetFlagStatus                        0x08001497   Thumb Code    14  stm32f4xx_tim.o(.text)
    TIM_ClearFlag                            0x080014a5   Thumb Code     6  stm32f4xx_tim.o(.text)
    TIM_GetITStatus                          0x080014ab   Thumb Code    24  stm32f4xx_tim.o(.text)
    TIM_ClearITPendingBit                    0x080014c3   Thumb Code     6  stm32f4xx_tim.o(.text)
    TIM_DMAConfig                            0x080014c9   Thumb Code     8  stm32f4xx_tim.o(.text)
    TIM_DMACmd                               0x080014d1   Thumb Code    16  stm32f4xx_tim.o(.text)
    TIM_SelectCCDMA                          0x080014e1   Thumb Code    20  stm32f4xx_tim.o(.text)
    TIM_InternalClockConfig                  0x080014f5   Thumb Code    10  stm32f4xx_tim.o(.text)
    TIM_SelectInputTrigger                   0x080014ff   Thumb Code    12  stm32f4xx_tim.o(.text)
    TIM_ITRxExternalClockConfig              0x0800150b   Thumb Code    18  stm32f4xx_tim.o(.text)
    TIM_TIxExternalClockConfig               0x0800151d   Thumb Code    46  stm32f4xx_tim.o(.text)
    TIM_ETRConfig                            0x0800154b   Thumb Code    24  stm32f4xx_tim.o(.text)
    TIM_ETRClockMode1Config                  0x08001563   Thumb Code    18  stm32f4xx_tim.o(.text)
    TIM_ETRClockMode2Config                  0x08001575   Thumb Code    18  stm32f4xx_tim.o(.text)
    TIM_SelectOutputTrigger                  0x08001587   Thumb Code    16  stm32f4xx_tim.o(.text)
    TIM_SelectSlaveMode                      0x08001597   Thumb Code    16  stm32f4xx_tim.o(.text)
    TIM_SelectMasterSlaveMode                0x080015a7   Thumb Code    16  stm32f4xx_tim.o(.text)
    TIM_EncoderInterfaceConfig               0x080015b7   Thumb Code    50  stm32f4xx_tim.o(.text)
    TIM_SelectHallSensor                     0x080015e9   Thumb Code    20  stm32f4xx_tim.o(.text)
    TIM_RemapConfig                          0x080015fd   Thumb Code     6  stm32f4xx_tim.o(.text)
    I2C_DeInit                               0x08001631   Thumb Code    56  stm32f4xx_i2c.o(.text)
    I2C_Init                                 0x08001669   Thumb Code   174  stm32f4xx_i2c.o(.text)
    I2C_StructInit                           0x08001717   Thumb Code    28  stm32f4xx_i2c.o(.text)
    I2C_Cmd                                  0x08001733   Thumb Code    20  stm32f4xx_i2c.o(.text)
    I2C_AnalogFilterCmd                      0x08001747   Thumb Code    20  stm32f4xx_i2c.o(.text)
    I2C_DigitalFilterConfig                  0x0800175b   Thumb Code    16  stm32f4xx_i2c.o(.text)
    I2C_GenerateSTART                        0x0800176b   Thumb Code    20  stm32f4xx_i2c.o(.text)
    I2C_GenerateSTOP                         0x0800177f   Thumb Code    20  stm32f4xx_i2c.o(.text)
    I2C_Send7bitAddress                      0x08001793   Thumb Code    16  stm32f4xx_i2c.o(.text)
    I2C_AcknowledgeConfig                    0x080017a3   Thumb Code    20  stm32f4xx_i2c.o(.text)
    I2C_OwnAddress2Config                    0x080017b7   Thumb Code    16  stm32f4xx_i2c.o(.text)
    I2C_DualAddressCmd                       0x080017c7   Thumb Code    20  stm32f4xx_i2c.o(.text)
    I2C_GeneralCallCmd                       0x080017db   Thumb Code    20  stm32f4xx_i2c.o(.text)
    I2C_SoftwareResetCmd                     0x080017ef   Thumb Code    20  stm32f4xx_i2c.o(.text)
    I2C_StretchClockCmd                      0x08001803   Thumb Code    20  stm32f4xx_i2c.o(.text)
    I2C_FastModeDutyCycleConfig              0x08001817   Thumb Code    22  stm32f4xx_i2c.o(.text)
    I2C_NACKPositionConfig                   0x0800182d   Thumb Code    22  stm32f4xx_i2c.o(.text)
    I2C_SMBusAlertConfig                     0x08001843   Thumb Code    22  stm32f4xx_i2c.o(.text)
    I2C_ARPCmd                               0x08001859   Thumb Code    20  stm32f4xx_i2c.o(.text)
    I2C_SendData                             0x0800186d   Thumb Code     4  stm32f4xx_i2c.o(.text)
    I2C_ReceiveData                          0x08001871   Thumb Code     6  stm32f4xx_i2c.o(.text)
    I2C_TransmitPEC                          0x08001877   Thumb Code    20  stm32f4xx_i2c.o(.text)
    I2C_PECPositionConfig                    0x0800188b   Thumb Code    22  stm32f4xx_i2c.o(.text)
    I2C_CalculatePEC                         0x080018a1   Thumb Code    20  stm32f4xx_i2c.o(.text)
    I2C_GetPEC                               0x080018b5   Thumb Code     6  stm32f4xx_i2c.o(.text)
    I2C_DMACmd                               0x080018bb   Thumb Code    20  stm32f4xx_i2c.o(.text)
    I2C_DMALastTransferCmd                   0x080018cf   Thumb Code    20  stm32f4xx_i2c.o(.text)
    I2C_ReadRegister                         0x080018e3   Thumb Code    10  stm32f4xx_i2c.o(.text)
    I2C_ITConfig                             0x080018ed   Thumb Code    16  stm32f4xx_i2c.o(.text)
    I2C_CheckEvent                           0x080018fd   Thumb Code    24  stm32f4xx_i2c.o(.text)
    I2C_GetLastEvent                         0x08001915   Thumb Code    14  stm32f4xx_i2c.o(.text)
    I2C_GetFlagStatus                        0x08001923   Thumb Code    42  stm32f4xx_i2c.o(.text)
    I2C_ClearFlag                            0x0800194d   Thumb Code     6  stm32f4xx_i2c.o(.text)
    I2C_GetITStatus                          0x08001953   Thumb Code    36  stm32f4xx_i2c.o(.text)
    I2C_ClearITPendingBit                    0x08001977   Thumb Code     6  stm32f4xx_i2c.o(.text)
    ADC_DeInit                               0x08001991   Thumb Code    24  stm32f4xx_adc.o(.text)
    ADC_Init                                 0x080019a9   Thumb Code    66  stm32f4xx_adc.o(.text)
    ADC_StructInit                           0x080019eb   Thumb Code    20  stm32f4xx_adc.o(.text)
    ADC_CommonInit                           0x080019ff   Thumb Code    34  stm32f4xx_adc.o(.text)
    ADC_CommonStructInit                     0x08001a21   Thumb Code    12  stm32f4xx_adc.o(.text)
    ADC_Cmd                                  0x08001a2d   Thumb Code    20  stm32f4xx_adc.o(.text)
    ADC_AnalogWatchdogCmd                    0x08001a41   Thumb Code    12  stm32f4xx_adc.o(.text)
    ADC_AnalogWatchdogThresholdsConfig       0x08001a4d   Thumb Code     6  stm32f4xx_adc.o(.text)
    ADC_AnalogWatchdogSingleChannelConfig    0x08001a53   Thumb Code    12  stm32f4xx_adc.o(.text)
    ADC_TempSensorVrefintCmd                 0x08001a5f   Thumb Code    26  stm32f4xx_adc.o(.text)
    ADC_VBATCmd                              0x08001a79   Thumb Code    26  stm32f4xx_adc.o(.text)
    ADC_RegularChannelConfig                 0x08001a93   Thumb Code   116  stm32f4xx_adc.o(.text)
    ADC_SoftwareStartConv                    0x08001b07   Thumb Code    10  stm32f4xx_adc.o(.text)
    ADC_GetSoftwareStartConvStatus           0x08001b11   Thumb Code    14  stm32f4xx_adc.o(.text)
    ADC_EOCOnEachRegularChannelCmd           0x08001b1f   Thumb Code    20  stm32f4xx_adc.o(.text)
    ADC_ContinuousModeCmd                    0x08001b33   Thumb Code    20  stm32f4xx_adc.o(.text)
    ADC_DiscModeChannelCountConfig           0x08001b47   Thumb Code    16  stm32f4xx_adc.o(.text)
    ADC_DiscModeCmd                          0x08001b57   Thumb Code    20  stm32f4xx_adc.o(.text)
    ADC_GetConversionValue                   0x08001b6b   Thumb Code     6  stm32f4xx_adc.o(.text)
    ADC_GetMultiModeConversionValue          0x08001b71   Thumb Code     8  stm32f4xx_adc.o(.text)
    ADC_DMACmd                               0x08001b79   Thumb Code    20  stm32f4xx_adc.o(.text)
    ADC_DMARequestAfterLastTransferCmd       0x08001b8d   Thumb Code    20  stm32f4xx_adc.o(.text)
    ADC_MultiModeDMARequestAfterLastTransferCmd 0x08001ba1   Thumb Code    26  stm32f4xx_adc.o(.text)
    ADC_InjectedChannelConfig                0x08001bbb   Thumb Code    74  stm32f4xx_adc.o(.text)
    ADC_InjectedSequencerLengthConfig        0x08001c05   Thumb Code    16  stm32f4xx_adc.o(.text)
    ADC_SetInjectedOffset                    0x08001c15   Thumb Code    10  stm32f4xx_adc.o(.text)
    ADC_ExternalTrigInjectedConvConfig       0x08001c1f   Thumb Code    12  stm32f4xx_adc.o(.text)
    ADC_ExternalTrigInjectedConvEdgeConfig   0x08001c2b   Thumb Code    12  stm32f4xx_adc.o(.text)
    ADC_SoftwareStartInjectedConv            0x08001c37   Thumb Code    10  stm32f4xx_adc.o(.text)
    ADC_GetSoftwareStartInjectedConvCmdStatus 0x08001c41   Thumb Code    14  stm32f4xx_adc.o(.text)
    ADC_AutoInjectedConvCmd                  0x08001c4f   Thumb Code    20  stm32f4xx_adc.o(.text)
    ADC_InjectedDiscModeCmd                  0x08001c63   Thumb Code    20  stm32f4xx_adc.o(.text)
    ADC_GetInjectedConversionValue           0x08001c77   Thumb Code    14  stm32f4xx_adc.o(.text)
    ADC_ITConfig                             0x08001c85   Thumb Code    18  stm32f4xx_adc.o(.text)
    ADC_GetFlagStatus                        0x08001c97   Thumb Code    14  stm32f4xx_adc.o(.text)
    ADC_ClearFlag                            0x08001ca5   Thumb Code     6  stm32f4xx_adc.o(.text)
    ADC_GetITStatus                          0x08001cab   Thumb Code    30  stm32f4xx_adc.o(.text)
    ADC_ClearITPendingBit                    0x08001cc9   Thumb Code     8  stm32f4xx_adc.o(.text)
    TimingDelay_Decrement                    0x08001ce5   Thumb Code    88  tm_stm32f4_delay.o(.text)
    TM_DELAY_Init                            0x08001d3d   Thumb Code    60  tm_stm32f4_delay.o(.text)
    TM_DELAY_EnableDelayTimer                0x08001d79   Thumb Code    22  tm_stm32f4_delay.o(.text)
    TM_DELAY_DisableDelayTimer               0x08001d8f   Thumb Code    14  tm_stm32f4_delay.o(.text)
    TM_DELAY_TimerCreate                     0x08001d9d   Thumb Code    68  tm_stm32f4_delay.o(.text)
    TM_DELAY_TimerDelete                     0x08001de1   Thumb Code    86  tm_stm32f4_delay.o(.text)
    TM_DELAY_TimerStop                       0x08001e37   Thumb Code     6  tm_stm32f4_delay.o(.text)
    TM_DELAY_TimerStart                      0x08001e3d   Thumb Code     6  tm_stm32f4_delay.o(.text)
    TM_DELAY_TimerReset                      0x08001e43   Thumb Code     6  tm_stm32f4_delay.o(.text)
    TM_DELAY_TimerAutoReload                 0x08001e49   Thumb Code     4  tm_stm32f4_delay.o(.text)
    TM_DELAY_TimerAutoReloadValue            0x08001e4d   Thumb Code     4  tm_stm32f4_delay.o(.text)
    TM_USART_INT_GetSubPriority              0x08001e65   Thumb Code    52  tm_stm32f4_usart.o(.text)
    TM_USART_InitCustomPinsCallback          0x08001e99   Thumb Code     2  tm_stm32f4_usart.o(.text)
    TM_USART6_InitPins                       0x08001e9b   Thumb Code    60  tm_stm32f4_usart.o(.text)
    TM_UART5_InitPins                        0x08001ed7   Thumb Code    56  tm_stm32f4_usart.o(.text)
    TM_UART4_InitPins                        0x08001f0f   Thumb Code    60  tm_stm32f4_usart.o(.text)
    TM_USART3_InitPins                       0x08001f4b   Thumb Code    76  tm_stm32f4_usart.o(.text)
    TM_USART2_InitPins                       0x08001f97   Thumb Code    58  tm_stm32f4_usart.o(.text)
    TM_USART1_InitPins                       0x08001fd1   Thumb Code    60  tm_stm32f4_usart.o(.text)
    TM_USART_INT_GetUsart                    0x0800200d   Thumb Code    62  tm_stm32f4_usart.o(.text)
    TM_USART_Init                            0x08002175   Thumb Code   158  tm_stm32f4_usart.o(.text)
    TM_USART_InitWithFlowControl             0x08002213   Thumb Code   212  tm_stm32f4_usart.o(.text)
    TM_USART_Getc                            0x080022e7   Thumb Code    52  tm_stm32f4_usart.o(.text)
    TM_USART_FindCharacter                   0x0800231b   Thumb Code    50  tm_stm32f4_usart.o(.text)
    TM_USART_Gets                            0x0800234d   Thumb Code    78  tm_stm32f4_usart.o(.text)
    TM_USART_BufferEmpty                     0x0800239b   Thumb Code    26  tm_stm32f4_usart.o(.text)
    TM_USART_BufferFull                      0x080023b5   Thumb Code    22  tm_stm32f4_usart.o(.text)
    TM_USART_ClearBuffer                     0x080023cb   Thumb Code    16  tm_stm32f4_usart.o(.text)
    TM_USART_SetCustomStringEndCharacter     0x080023db   Thumb Code    12  tm_stm32f4_usart.o(.text)
    TM_USART_Puts                            0x080023e7   Thumb Code    42  tm_stm32f4_usart.o(.text)
    TM_USART_Send                            0x08002411   Thumb Code    48  tm_stm32f4_usart.o(.text)
    TM_USART_INT_InsertToBuffer              0x08002441   Thumb Code    38  tm_stm32f4_usart.o(.text)
    USART1_IRQHandler                        0x08002467   Thumb Code    18  tm_stm32f4_usart.o(.text)
    USART3_IRQHandler                        0x08002479   Thumb Code    24  tm_stm32f4_usart.o(.text)
    UART4_IRQHandler                         0x08002491   Thumb Code    24  tm_stm32f4_usart.o(.text)
    UART5_IRQHandler                         0x080024a9   Thumb Code    20  tm_stm32f4_usart.o(.text)
    USART6_IRQHandler                        0x080024bd   Thumb Code    24  tm_stm32f4_usart.o(.text)
    TM_GPIO_GetPortSource                    0x080024ed   Thumb Code    10  tm_stm32f4_gpio.o(.text)
    TM_GPIO_INT_Init                         0x080024f7   Thumb Code   130  tm_stm32f4_gpio.o(.text)
    TM_GPIO_INT_EnableClock                  0x08002579   Thumb Code    20  tm_stm32f4_gpio.o(.text)
    TM_GPIO_Init                             0x0800258d   Thumb Code    34  tm_stm32f4_gpio.o(.text)
    TM_GPIO_InitAlternate                    0x080025af   Thumb Code    92  tm_stm32f4_gpio.o(.text)
    TM_GPIO_DeInit                           0x0800260b   Thumb Code    66  tm_stm32f4_gpio.o(.text)
    TM_GPIO_SetPinAsInput                    0x0800264d   Thumb Code    38  tm_stm32f4_gpio.o(.text)
    TM_GPIO_SetPinAsOutput                   0x08002673   Thumb Code    46  tm_stm32f4_gpio.o(.text)
    TM_GPIO_SetPinAsAnalog                   0x080026a1   Thumb Code    38  tm_stm32f4_gpio.o(.text)
    TM_GPIO_SetPinAsAlternate                0x080026c7   Thumb Code    48  tm_stm32f4_gpio.o(.text)
    TM_GPIO_SetPullResistor                  0x080026f7   Thumb Code    46  tm_stm32f4_gpio.o(.text)
    TM_GPIO_Lock                             0x08002725   Thumb Code    16  tm_stm32f4_gpio.o(.text)
    TM_GPIO_GetPinSource                     0x08002735   Thumb Code    18  tm_stm32f4_gpio.o(.text)
    TM_GPIO_INT_DisableClock                 0x08002747   Thumb Code    20  tm_stm32f4_gpio.o(.text)
    TM_GPIO_GetUsedPins                      0x0800275b   Thumb Code    14  tm_stm32f4_gpio.o(.text)
    TM_GPIO_GetFreePins                      0x08002769   Thumb Code    18  tm_stm32f4_gpio.o(.text)
    TM_PWM_InitTimer                         0x08002789   Thumb Code   242  tm_stm32f4_pwm.o(.text)
    TM_PWM_INT_InitTIM14Pins                 0x0800287b   Thumb Code    58  tm_stm32f4_pwm.o(.text)
    TM_PWM_INT_InitTIM13Pins                 0x080028b5   Thumb Code    58  tm_stm32f4_pwm.o(.text)
    TM_PWM_INT_InitTIM12Pins                 0x080028ef   Thumb Code   106  tm_stm32f4_pwm.o(.text)
    TM_PWM_INT_InitTIM11Pins                 0x08002959   Thumb Code    58  tm_stm32f4_pwm.o(.text)
    TM_PWM_INT_InitTIM10Pins                 0x08002993   Thumb Code    58  tm_stm32f4_pwm.o(.text)
    TM_PWM_INT_InitTIM9Pins                  0x080029cd   Thumb Code    98  tm_stm32f4_pwm.o(.text)
    TM_PWM_INT_InitTIM8Pins                  0x08002a2f   Thumb Code   170  tm_stm32f4_pwm.o(.text)
    TM_PWM_INT_InitTIM5Pins                  0x08002ad9   Thumb Code   232  tm_stm32f4_pwm.o(.text)
    TM_PWM_INT_InitTIM4Pins                  0x08002bc1   Thumb Code   174  tm_stm32f4_pwm.o(.text)
    TM_PWM_INT_InitTIM3Pins                  0x08002c6f   Thumb Code   210  tm_stm32f4_pwm.o(.text)
    TM_PWM_INT_InitTIM2Pins                  0x08002d41   Thumb Code   186  tm_stm32f4_pwm.o(.text)
    TM_PWM_INT_InitTIM1Pins                  0x08002dfb   Thumb Code   208  tm_stm32f4_pwm.o(.text)
    TM_PWM_InitChannel                       0x08002ecb   Thumb Code   152  tm_stm32f4_pwm.o(.text)
    TM_PWM_SetChannel                        0x08002f63   Thumb Code   282  tm_stm32f4_pwm.o(.text)
    TM_PWM_SetChannelPercent                 0x0800307d   Thumb Code    60  tm_stm32f4_pwm.o(.text)
    TM_PWM_SetChannelMicros                  0x080030b9   Thumb Code    28  tm_stm32f4_pwm.o(.text)
    TM_TIMER_PROPERTIES_GetTimerProperties   0x080030d9   Thumb Code   134  tm_stm32f4_timer_properties.o(.text)
    TM_TIMER_PROPERTIES_GenerateDataForWorkingFrequency 0x0800315f   Thumb Code   170  tm_stm32f4_timer_properties.o(.text)
    TM_TIMER_PROPERTIES_EnableClock          0x08003209   Thumb Code   206  tm_stm32f4_timer_properties.o(.text)
    TM_TIMER_PROPERTIES_DisableClock         0x080032d7   Thumb Code   206  tm_stm32f4_timer_properties.o(.text)
    TM_DMA_ClearFlag                         0x080033e5   Thumb Code    52  tm_stm32f4_dma.o(.text)
    TM_DMA_ClearFlags                        0x08003419   Thumb Code     4  tm_stm32f4_dma.o(.text)
    TM_DMA_GetFlags                          0x0800341d   Thumb Code    52  tm_stm32f4_dma.o(.text)
    TM_DMA_EnableInterrupts                  0x08003451   Thumb Code    94  tm_stm32f4_dma.o(.text)
    TM_DMA_DisableInterrupts                 0x080034af   Thumb Code    76  tm_stm32f4_dma.o(.text)
    TM_DMA_TransferCompleteHandler           0x080034fb   Thumb Code     2  tm_stm32f4_dma.o(.text)
    TM_DMA_HalfTransferCompleteHandler       0x080034fd   Thumb Code     2  tm_stm32f4_dma.o(.text)
    TM_DMA_TransferErrorHandler              0x080034ff   Thumb Code     2  tm_stm32f4_dma.o(.text)
    TM_DMA_DirectModeErrorHandler            0x08003501   Thumb Code     2  tm_stm32f4_dma.o(.text)
    TM_DMA_FIFOErrorHandler                  0x08003503   Thumb Code     2  tm_stm32f4_dma.o(.text)
    DMA1_Stream0_IRQHandler                  0x0800356b   Thumb Code     6  tm_stm32f4_dma.o(.text)
    DMA1_Stream1_IRQHandler                  0x08003571   Thumb Code     6  tm_stm32f4_dma.o(.text)
    DMA1_Stream2_IRQHandler                  0x08003577   Thumb Code     6  tm_stm32f4_dma.o(.text)
    DMA1_Stream3_IRQHandler                  0x0800357d   Thumb Code     6  tm_stm32f4_dma.o(.text)
    DMA1_Stream4_IRQHandler                  0x08003583   Thumb Code     6  tm_stm32f4_dma.o(.text)
    DMA1_Stream5_IRQHandler                  0x08003589   Thumb Code     6  tm_stm32f4_dma.o(.text)
    DMA1_Stream6_IRQHandler                  0x0800358f   Thumb Code     6  tm_stm32f4_dma.o(.text)
    DMA1_Stream7_IRQHandler                  0x08003595   Thumb Code     6  tm_stm32f4_dma.o(.text)
    DMA2_Stream0_IRQHandler                  0x0800359b   Thumb Code     4  tm_stm32f4_dma.o(.text)
    DMA2_Stream1_IRQHandler                  0x0800359f   Thumb Code     6  tm_stm32f4_dma.o(.text)
    DMA2_Stream2_IRQHandler                  0x080035a5   Thumb Code     6  tm_stm32f4_dma.o(.text)
    DMA2_Stream3_IRQHandler                  0x080035ab   Thumb Code     6  tm_stm32f4_dma.o(.text)
    DMA2_Stream4_IRQHandler                  0x080035b1   Thumb Code     6  tm_stm32f4_dma.o(.text)
    DMA2_Stream5_IRQHandler                  0x080035b7   Thumb Code     6  tm_stm32f4_dma.o(.text)
    DMA2_Stream6_IRQHandler                  0x080035bd   Thumb Code     6  tm_stm32f4_dma.o(.text)
    DMA2_Stream7_IRQHandler                  0x080035c3   Thumb Code     6  tm_stm32f4_dma.o(.text)
    TM_I2C_InitCustomPinsCallback            0x080035d9   Thumb Code     2  tm_stm32f4_i2c.o(.text)
    TM_I2C3_INT_InitPins                     0x080035db   Thumb Code    72  tm_stm32f4_i2c.o(.text)
    TM_I2C2_INT_InitPins                     0x08003623   Thumb Code    76  tm_stm32f4_i2c.o(.text)
    TM_I2C1_INT_InitPins                     0x0800366f   Thumb Code    76  tm_stm32f4_i2c.o(.text)
    TM_I2C_Init                              0x080036bb   Thumb Code   166  tm_stm32f4_i2c.o(.text)
    TM_I2C_ReadNack                          0x08003761   Thumb Code    64  tm_stm32f4_i2c.o(.text)
    TM_I2C_Start                             0x080037a1   Thumb Code   122  tm_stm32f4_i2c.o(.text)
    TM_I2C_Stop                              0x0800381b   Thumb Code    48  tm_stm32f4_i2c.o(.text)
    TM_I2C_WriteData                         0x0800384b   Thumb Code    28  tm_stm32f4_i2c.o(.text)
    TM_I2C_Read                              0x08003867   Thumb Code    50  tm_stm32f4_i2c.o(.text)
    TM_I2C_ReadAck                           0x08003899   Thumb Code    56  tm_stm32f4_i2c.o(.text)
    TM_I2C_ReadMulti                         0x080038d1   Thumb Code    78  tm_stm32f4_i2c.o(.text)
    TM_I2C_ReadNoRegister                    0x0800391f   Thumb Code    20  tm_stm32f4_i2c.o(.text)
    TM_I2C_ReadMultiNoRegister               0x08003933   Thumb Code    52  tm_stm32f4_i2c.o(.text)
    TM_I2C_Write                             0x08003967   Thumb Code    40  tm_stm32f4_i2c.o(.text)
    TM_I2C_WriteMulti                        0x0800398f   Thumb Code    56  tm_stm32f4_i2c.o(.text)
    TM_I2C_WriteNoRegister                   0x080039c7   Thumb Code    74  tm_stm32f4_i2c.o(.text)
    TM_I2C_WriteMultiNoRegister              0x08003a11   Thumb Code    46  tm_stm32f4_i2c.o(.text)
    TM_I2C_IsDeviceConnected                 0x08003a3f   Thumb Code    28  tm_stm32f4_i2c.o(.text)
    TM_ADC_InitADC                           0x08003a5d   Thumb Code   124  tm_stm32f4_adc.o(.text)
    TM_ADC_INT_InitPin                       0x08003ad9   Thumb Code    20  tm_stm32f4_adc.o(.text)
    TM_ADC_INT_Channel_15_Init               0x08003aed   Thumb Code    32  tm_stm32f4_adc.o(.text)
    TM_ADC_INT_Channel_14_Init               0x08003b0d   Thumb Code    42  tm_stm32f4_adc.o(.text)
    TM_ADC_INT_Channel_13_Init               0x08003b37   Thumb Code     6  tm_stm32f4_adc.o(.text)
    TM_ADC_INT_Channel_12_Init               0x08003b3d   Thumb Code     6  tm_stm32f4_adc.o(.text)
    TM_ADC_INT_Channel_11_Init               0x08003b43   Thumb Code     6  tm_stm32f4_adc.o(.text)
    TM_ADC_INT_Channel_10_Init               0x08003b49   Thumb Code     6  tm_stm32f4_adc.o(.text)
    TM_ADC_INT_Channel_9_Init                0x08003b4f   Thumb Code    42  tm_stm32f4_adc.o(.text)
    TM_ADC_INT_Channel_8_Init                0x08003b79   Thumb Code    42  tm_stm32f4_adc.o(.text)
    TM_ADC_INT_Channel_7_Init                0x08003ba3   Thumb Code    42  tm_stm32f4_adc.o(.text)
    TM_ADC_INT_Channel_6_Init                0x08003bcd   Thumb Code    42  tm_stm32f4_adc.o(.text)
    TM_ADC_INT_Channel_5_Init                0x08003bf7   Thumb Code    42  tm_stm32f4_adc.o(.text)
    TM_ADC_INT_Channel_4_Init                0x08003c21   Thumb Code    42  tm_stm32f4_adc.o(.text)
    TM_ADC_INT_Channel_3_Init                0x08003c4b   Thumb Code     6  tm_stm32f4_adc.o(.text)
    TM_ADC_INT_Channel_2_Init                0x08003c51   Thumb Code     6  tm_stm32f4_adc.o(.text)
    TM_ADC_INT_Channel_1_Init                0x08003c57   Thumb Code     6  tm_stm32f4_adc.o(.text)
    TM_ADC_INT_Channel_0_Init                0x08003c5d   Thumb Code     6  tm_stm32f4_adc.o(.text)
    TM_ADC_Init                              0x08003c63   Thumb Code   162  tm_stm32f4_adc.o(.text)
    TM_ADC_Read                              0x08003d05   Thumb Code    44  tm_stm32f4_adc.o(.text)
    TM_ADC_EnableVbat                        0x08003d31   Thumb Code    16  tm_stm32f4_adc.o(.text)
    TM_ADC_DisableVbat                       0x08003d41   Thumb Code    16  tm_stm32f4_adc.o(.text)
    TM_ADC_ReadVbat                          0x08003d51   Thumb Code    48  tm_stm32f4_adc.o(.text)
    TM_EXTI_Attach                           0x08003da1   Thumb Code   416  tm_stm32f4_exti.o(.text)
    TM_EXTI_Detach                           0x08003f41   Thumb Code    38  tm_stm32f4_exti.o(.text)
    TM_EXTI_DeInit                           0x08003f67   Thumb Code    56  tm_stm32f4_exti.o(.text)
    EXTI0_IRQHandler                         0x08003f9f   Thumb Code    24  tm_stm32f4_exti.o(.text)
    EXTI1_IRQHandler                         0x08003fb7   Thumb Code    24  tm_stm32f4_exti.o(.text)
    EXTI2_IRQHandler                         0x08003fcf   Thumb Code    24  tm_stm32f4_exti.o(.text)
    EXTI3_IRQHandler                         0x08003fe7   Thumb Code    24  tm_stm32f4_exti.o(.text)
    EXTI4_IRQHandler                         0x08003fff   Thumb Code    24  tm_stm32f4_exti.o(.text)
    EXTI9_5_IRQHandler                       0x08004017   Thumb Code    82  tm_stm32f4_exti.o(.text)
    EXTI15_10_IRQHandler                     0x08004069   Thumb Code   102  tm_stm32f4_exti.o(.text)
    TM_HMC5883L_Init                         0x080040dd   Thumb Code   188  tm_stm32f4_hmc5883l.o(.text)
    TM_HMC5883L_DataReady                    0x08004199   Thumb Code    14  tm_stm32f4_hmc5883l.o(.text)
    TM_HMC5883L_Read                         0x080041a7   Thumb Code   122  tm_stm32f4_hmc5883l.o(.text)
    TM_HMC5883L_ProcessInterrupt             0x08004221   Thumb Code    10  tm_stm32f4_hmc5883l.o(.text)
    baca_potensio                            0x0800425d   Thumb Code    54  main.o(.text)
    InitHMC5883L                             0x08004293   Thumb Code    38  main.o(.text)
    KalibrasiHMC5883L                        0x080042b9   Thumb Code   388  main.o(.text)
    baca_heading                             0x0800443d   Thumb Code   192  main.o(.text)
    GetHMC5883L                              0x080044fd   Thumb Code   128  main.o(.text)
    TM_EXTI_Handler                          0x0800457d   Thumb Code    12  main.o(.text)
    CheckHeading                             0x08004589   Thumb Code    28  main.o(.text)
    GPIO_Initialize_Digital                  0x080045a5   Thumb Code    46  main.o(.text)
    InitPWMOUT                               0x080045d3   Thumb Code    46  main.o(.text)
    SetDriverMotor_yaw                       0x08004601   Thumb Code   306  main.o(.text)
    SetDriverMotor_pitch                     0x08004733   Thumb Code    66  main.o(.text)
    Pid_PITCH                                0x08004775   Thumb Code   210  main.o(.text)
    Pid_YAW                                  0x08004847   Thumb Code   364  main.o(.text)
    ParsedataGPS_GNGLL                       0x080049b3   Thumb Code   200  main.o(.text)
    ParsedataGPS_GNGGA                       0x08004a7b   Thumb Code   296  main.o(.text)
    ParsedataGPS_GNRMC                       0x08004ba3   Thumb Code   190  main.o(.text)
    GPS_Validasi                             0x08004c61   Thumb Code   140  main.o(.text)
    dms_dd                                   0x08004ced   Thumb Code   144  main.o(.text)
    GPSAccess                                0x08004d7d   Thumb Code   110  main.o(.text)
    baca_input                               0x08004deb   Thumb Code   244  main.o(.text)
    Terima_Input                             0x08004edf   Thumb Code    26  main.o(.text)
    Parsing_Data_Wahana                      0x08004ef9   Thumb Code   446  main.o(.text)
    terima_data_wahana                       0x080050b7   Thumb Code    26  main.o(.text)
    SendGCS                                  0x080050d1   Thumb Code   214  main.o(.text)
    main                                     0x080051a7   Thumb Code   136  main.o(.text)
    NMI_Handler                              0x080052e1   Thumb Code     2  stm32f4xx_it.o(.text)
    HardFault_Handler                        0x080052e3   Thumb Code     2  stm32f4xx_it.o(.text)
    MemManage_Handler                        0x080052e5   Thumb Code     2  stm32f4xx_it.o(.text)
    BusFault_Handler                         0x080052e7   Thumb Code     2  stm32f4xx_it.o(.text)
    UsageFault_Handler                       0x080052e9   Thumb Code     2  stm32f4xx_it.o(.text)
    SVC_Handler                              0x080052eb   Thumb Code     2  stm32f4xx_it.o(.text)
    DebugMon_Handler                         0x080052ed   Thumb Code     2  stm32f4xx_it.o(.text)
    PendSV_Handler                           0x080052ef   Thumb Code     2  stm32f4xx_it.o(.text)
    SysTick_Handler                          0x080052f3   Thumb Code    52  stm32f4xx_it.o(.text)
    SystemInit                               0x080053cf   Thumb Code    74  system_stm32f4xx.o(.text)
    SystemCoreClockUpdate                    0x08005419   Thumb Code   108  system_stm32f4xx.o(.text)
    strlen                                   0x080054a9   Thumb Code    14  strlen.o(.text)
    strcpy                                   0x080054b7   Thumb Code    18  strcpy.o(.text)
    atoi                                     0x080054c9   Thumb Code    26  atoi.o(.text)
    __aeabi_dadd                             0x080054e3   Thumb Code   322  dadd.o(.text)
    __aeabi_dsub                             0x08005625   Thumb Code     6  dadd.o(.text)
    __aeabi_drsub                            0x0800562b   Thumb Code     6  dadd.o(.text)
    __aeabi_dmul                             0x08005631   Thumb Code   228  dmul.o(.text)
    __aeabi_ddiv                             0x08005715   Thumb Code   222  ddiv.o(.text)
    __aeabi_i2d                              0x080057f3   Thumb Code    34  dflti.o(.text)
    __aeabi_ui2d                             0x08005815   Thumb Code    26  dfltui.o(.text)
    __aeabi_d2uiz                            0x0800582f   Thumb Code    50  dfixui.o(.text)
    __aeabi_f2d                              0x08005861   Thumb Code    38  f2d.o(.text)
    __aeabi_cdcmpeq                          0x08005889   Thumb Code     0  cdcmple.o(.text)
    __aeabi_cdcmple                          0x08005889   Thumb Code    48  cdcmple.o(.text)
    __aeabi_d2f                              0x080058b9   Thumb Code    56  d2f.o(.text)
    __aeabi_uidiv                            0x080058f1   Thumb Code     0  uidiv.o(.text)
    __aeabi_uidivmod                         0x080058f1   Thumb Code    44  uidiv.o(.text)
    __aeabi_uldivmod                         0x0800591d   Thumb Code    98  uldiv.o(.text)
    __aeabi_llsl                             0x0800597f   Thumb Code    30  llshl.o(.text)
    _ll_shift_l                              0x0800597f   Thumb Code     0  llshl.o(.text)
    __aeabi_llsr                             0x0800599d   Thumb Code    32  llushr.o(.text)
    _ll_ushift_r                             0x0800599d   Thumb Code     0  llushr.o(.text)
    __aeabi_lasr                             0x080059bd   Thumb Code    36  llsshr.o(.text)
    _ll_sshift_r                             0x080059bd   Thumb Code     0  llsshr.o(.text)
    __strtod_int                             0x08005a17   Thumb Code    90  strtod.o(.text)
    strtol                                   0x08005a7d   Thumb Code   112  strtol.o(.text)
    __I$use$fp                               0x08005aed   Thumb Code     0  iusefp.o(.text)
    _float_round                             0x08005aed   Thumb Code    18  fepilogue.o(.text)
    _float_epilogue                          0x08005aff   Thumb Code    92  fepilogue.o(.text)
    _double_round                            0x08005b5b   Thumb Code    30  depilogue.o(.text)
    _double_epilogue                         0x08005b79   Thumb Code   156  depilogue.o(.text)
    __aeabi_d2ulz                            0x08005c15   Thumb Code    48  dfixul.o(.text)
    __aeabi_cdrcmple                         0x08005c45   Thumb Code    48  cdrcmple.o(.text)
    __scatterload                            0x08005c75   Thumb Code    28  init.o(.text)
    __scatterload_rt2                        0x08005c75   Thumb Code     0  init.o(.text)
    __rt_ctype_table                         0x08005c99   Thumb Code     4  ctype_o.o(.text)
    isspace                                  0x08005ca1   Thumb Code    18  isspace_o.o(.text)
    _scanf_real                              0x08005ddd   Thumb Code     0  scanf_fp.o(.text)
    _scanf_really_real                       0x08005ddd   Thumb Code   556  scanf_fp.o(.text)
    _sgetc                                   0x08006015   Thumb Code    30  _sgetc.o(.text)
    _sbackspace                              0x08006033   Thumb Code    34  _sgetc.o(.text)
    _strtoul                                 0x08006055   Thumb Code   158  _strtoul.o(.text)
    _chval                                   0x080060f3   Thumb Code    28  _chval.o(.text)
    __aeabi_ul2d                             0x0800610f   Thumb Code    24  dfltul.o(.text)
    __decompress                             0x08006127   Thumb Code     0  __dczerorl2.o(.text)
    __decompress1                            0x08006127   Thumb Code    86  __dczerorl2.o(.text)
    __0sprintf                               0x0800617d   Thumb Code    34  printfa.o(i.__0sprintf)
    __1sprintf                               0x0800617d   Thumb Code     0  printfa.o(i.__0sprintf)
    __2sprintf                               0x0800617d   Thumb Code     0  printfa.o(i.__0sprintf)
    __c89sprintf                             0x0800617d   Thumb Code     0  printfa.o(i.__0sprintf)
    sprintf                                  0x0800617d   Thumb Code     0  printfa.o(i.__0sprintf)
    __ARM_fpclassify                         0x080061a5   Thumb Code    48  fpclassify.o(i.__ARM_fpclassify)
    __aeabi_errno_addr                       0x080061d5   Thumb Code     4  errno.o(i.__aeabi_errno_addr)
    __rt_errno_addr                          0x080061d5   Thumb Code     0  errno.o(i.__aeabi_errno_addr)
    __hardfp_atan                            0x080061e1   Thumb Code   622  atan.o(i.__hardfp_atan)
    __hardfp_atan2                           0x080064b9   Thumb Code   432  atan2.o(i.__hardfp_atan2)
    __hardfp_atof                            0x080066a9   Thumb Code    44  atof.o(i.__hardfp_atof)
    __kernel_poly                            0x080066e1   Thumb Code   248  poly.o(i.__kernel_poly)
    __mathlib_dbl_infnan                     0x080067d9   Thumb Code    20  dunder.o(i.__mathlib_dbl_infnan)
    __mathlib_dbl_infnan2                    0x080067ed   Thumb Code    20  dunder.o(i.__mathlib_dbl_infnan2)
    __mathlib_dbl_underflow                  0x08006801   Thumb Code    24  dunder.o(i.__mathlib_dbl_underflow)
    __read_errno                             0x08006821   Thumb Code     6  errno.o(i.__read_errno)
    __scatterload_copy                       0x0800682d   Thumb Code    14  handlers.o(i.__scatterload_copy)
    __scatterload_null                       0x0800683b   Thumb Code     2  handlers.o(i.__scatterload_null)
    __scatterload_zeroinit                   0x0800683d   Thumb Code    14  handlers.o(i.__scatterload_zeroinit)
    __set_errno                              0x0800684d   Thumb Code     6  errno.o(i.__set_errno)
    _is_digit                                0x080069dd   Thumb Code    14  scanf_fp.o(i._is_digit)
    atan                                     0x08007125   Thumb Code    16  atan.o(i.atan)
    fabs                                     0x08007135   Thumb Code    24  fabs.o(i.fabs)
    free                                     0x0800714d   Thumb Code    76  malloc.o(i.free)
    malloc                                   0x0800719d   Thumb Code    92  malloc.o(i.malloc)
    __mathlib_zero                           0x080072b8   Data           8  qnan.o(.constdata)
    __ctype_table                            0x080072c0   Data         129  ctype_o.o(.constdata)
    Region$$Table$$Base                      0x08007348   Number         0  anon$$obj.o(Region$$Table)
    Region$$Table$$Limit                     0x08007368   Number         0  anon$$obj.o(Region$$Table)
    TM_DELAY_Initialized                     0x20000010   Data           1  tm_stm32f4_delay.o(.data)
    TM_Time                                  0x20000014   Data           4  tm_stm32f4_delay.o(.data)
    TM_Time2                                 0x20000018   Data           4  tm_stm32f4_delay.o(.data)
    mult                                     0x2000001c   Data           4  tm_stm32f4_delay.o(.data)
    TM_USART1                                0x20000020   Data          16  tm_stm32f4_usart.o(.data)
    TM_USART2                                0x20000030   Data          16  tm_stm32f4_usart.o(.data)
    TM_USART3                                0x20000040   Data          16  tm_stm32f4_usart.o(.data)
    TM_UART4                                 0x20000050   Data          16  tm_stm32f4_usart.o(.data)
    TM_UART5                                 0x20000060   Data          16  tm_stm32f4_usart.o(.data)
    TM_USART6                                0x20000070   Data          16  tm_stm32f4_usart.o(.data)
    timer1                                   0x20000098   Data           4  main.o(.data)
    timer2                                   0x2000009c   Data           4  main.o(.data)
    timer3                                   0x200000a0   Data           4  main.o(.data)
    dir_pitch                                0x200000a4   Data           4  main.o(.data)
    KI_pitch                                 0x200000a8   Data           4  main.o(.data)
    dir_yaw                                  0x200000ac   Data           4  main.o(.data)
    KI_yaw                                   0x200000b0   Data           4  main.o(.data)
    nomor_parsing2                           0x200000b4   Data           4  main.o(.data)
    ke2                                      0x200000b8   Data           4  main.o(.data)
    resetKalHMC                              0x200000bc   Data           4  main.o(.data)
    min_magnetoX_Zero                        0x200000c0   Data           4  main.o(.data)
    min_magnetoY_Zero                        0x200000c4   Data           4  main.o(.data)
    min_magnetoZ_Zero                        0x200000c8   Data           4  main.o(.data)
    max_magnetoX_Zero                        0x200000cc   Data           4  main.o(.data)
    max_magnetoY_Zero                        0x200000d0   Data           4  main.o(.data)
    max_magnetoZ_Zero                        0x200000d4   Data           4  main.o(.data)
    nomor_parsing5                           0x200000d8   Data           4  main.o(.data)
    ke5                                      0x200000dc   Data           4  main.o(.data)
    setPoint_pitch                           0x200000e0   Data           4  main.o(.data)
    setPoint_yaw                             0x200000e4   Data           4  main.o(.data)
    nomor_parsing6                           0x200000e8   Data           4  main.o(.data)
    ke6                                      0x200000ec   Data           4  main.o(.data)
    Out_PIDPITCH                             0x200000f0   Data           4  main.o(.data)
    Out_PIDYAW                               0x200000f4   Data           4  main.o(.data)
    errorPitch                               0x200000f8   Data           4  main.o(.data)
    last_errorPitch                          0x200000fc   Data           4  main.o(.data)
    pitch_P                                  0x20000100   Data           4  main.o(.data)
    pitch_I                                  0x20000104   Data           4  main.o(.data)
    pitch_D                                  0x20000108   Data           4  main.o(.data)
    yaw_P                                    0x2000010c   Data           4  main.o(.data)
    yaw_I                                    0x20000110   Data           4  main.o(.data)
    yaw_D                                    0x20000114   Data           4  main.o(.data)
    errorYaw                                 0x20000118   Data           4  main.o(.data)
    last_errorYaw                            0x2000011c   Data           4  main.o(.data)
    dataHeading                              0x20000120   Data           4  main.o(.data)
    dataPitch1                               0x20000124   Data           4  main.o(.data)
    cek2                                     0x20000128   Data           4  main.o(.data)
    a2                                       0x2000012c   Data           4  main.o(.data)
    flag2                                    0x20000130   Data           4  main.o(.data)
    data_lat                                 0x20000134   Data           4  main.o(.data)
    data_longi                               0x20000138   Data           4  main.o(.data)
    data_time                                0x2000013c   Data           4  main.o(.data)
    currentLat                               0x20000140   Data           4  main.o(.data)
    currentLong                              0x20000144   Data           4  main.o(.data)
    data                                     0x20000148   Data           4  main.o(.data)
    analog                                   0x2000014c   Data           4  main.o(.data)
    headingDegrees                           0x20000150   Data           4  main.o(.data)
    declinationAngle                         0x20000154   Data           4  main.o(.data)
    heading                                  0x20000158   Data           4  main.o(.data)
    magnetoX_Zero                            0x2000015c   Data           4  main.o(.data)
    magnetoY_Zero                            0x20000160   Data           4  main.o(.data)
    magnetoZ_Zero                            0x20000164   Data           4  main.o(.data)
    magnetoX                                 0x20000168   Data           4  main.o(.data)
    magnetoY                                 0x2000016c   Data           4  main.o(.data)
    magnetoZ                                 0x20000170   Data           4  main.o(.data)
    flag5                                    0x20000174   Data           4  main.o(.data)
    a5                                       0x20000178   Data           4  main.o(.data)
    cek5                                     0x2000017c   Data           4  main.o(.data)
    metu2                                    0x20000180   Data           4  main.o(.data)
    flag6                                    0x20000184   Data           4  main.o(.data)
    a6                                       0x20000188   Data           4  main.o(.data)
    cek6                                     0x2000018c   Data           4  main.o(.data)
    metu3                                    0x20000190   Data           4  main.o(.data)
    datamode                                 0x20000194   Data           4  main.o(.data)
    dataaltitude                             0x20000198   Data           4  main.o(.data)
    datayaw                                  0x2000019c   Data           4  main.o(.data)
    datapitch                                0x200001a0   Data           4  main.o(.data)
    dataroll                                 0x200001a4   Data           4  main.o(.data)
    datawindspeed                            0x200001a8   Data           4  main.o(.data)
    databaterai                              0x200001ac   Data           4  main.o(.data)
    altitude                                 0x200001b0   Data           4  main.o(.data)
    currentLat1                              0x200001b8   Data           8  main.o(.data)
    currentLong1                             0x200001c0   Data           8  main.o(.data)
    datacurrentlat                           0x200001c8   Data           8  main.o(.data)
    datacurrentlong                          0x200001d0   Data           8  main.o(.data)
    SystemCoreClock                          0x200001d8   Data           4  system_stm32f4xx.o(.data)
    AHBPrescTable                            0x200001dc   Data          16  system_stm32f4xx.o(.data)
    __microlib_freelist                      0x200001ec   Data           4  mvars.o(.data)
    __microlib_freelist_initialised          0x200001f0   Data           4  mvars.o(.data)
    TM_USART1_Buffer                         0x20000210   Data          64  tm_stm32f4_usart.o(.bss)
    TM_USART2_Buffer                         0x20000250   Data          64  tm_stm32f4_usart.o(.bss)
    TM_USART3_Buffer                         0x20000290   Data          64  tm_stm32f4_usart.o(.bss)
    TM_UART4_Buffer                          0x200002d0   Data          64  tm_stm32f4_usart.o(.bss)
    TM_UART5_Buffer                          0x20000310   Data          64  tm_stm32f4_usart.o(.bss)
    TM_USART6_Buffer                         0x20000350   Data          64  tm_stm32f4_usart.o(.bss)
    buffer                                   0x200003a8   Data         200  main.o(.bss)
    gps                                      0x20000470   Data         200  main.o(.bss)
    serial4                                  0x20000538   Data         200  main.o(.bss)
    lat                                      0x20000600   Data          15  main.o(.bss)
    lat_char                                 0x2000060f   Data          15  main.o(.bss)
    longi                                    0x2000061e   Data          15  main.o(.bss)
    longi_char                               0x2000062d   Data          15  main.o(.bss)
    valid                                    0x2000063c   Data          15  main.o(.bss)
    time                                     0x2000064b   Data          15  main.o(.bss)
    TIM2_Data                                0x2000065c   Data          40  main.o(.bss)
    HMC5883L                                 0x20000684   Data          16  main.o(.bss)
    serial3                                  0x20000694   Data         100  main.o(.bss)
    setPoint_pitchAct                        0x200006f8   Data          10  main.o(.bss)
    setPoint_yawAct                          0x20000702   Data          10  main.o(.bss)
    serial6                                  0x2000070c   Data         200  main.o(.bss)
    data_modeAct                             0x200007d4   Data          10  main.o(.bss)
    data_yawAct                              0x200007de   Data          10  main.o(.bss)
    data_pitchAct                            0x200007e8   Data          10  main.o(.bss)
    data_rollAct                             0x200007f2   Data          10  main.o(.bss)
    data_windspeedAct                        0x200007fc   Data          10  main.o(.bss)
    data_altitudeAct                         0x20000806   Data          10  main.o(.bss)
    data_curlatAct                           0x20000810   Data          20  main.o(.bss)
    data_curlongAct                          0x20000824   Data          20  main.o(.bss)
    data_bateraiAct                          0x20000838   Data          10  main.o(.bss)
    __heap_base                              0x20000848   Data           0  startup_stm32f40_41xxx.o(HEAP)
    __heap_limit                             0x20000c48   Data           0  startup_stm32f40_41xxx.o(HEAP)
    __initial_sp                             0x20001048   Data           0  startup_stm32f40_41xxx.o(STACK)



==============================================================================

Memory Map of the image

  Image Entry point : 0x08000189

  Load Region LR_IROM1 (Base: 0x08000000, Size: 0x00007560, Max: 0x00100000, ABSOLUTE, COMPRESSED[0x000073c0])

    Execution Region ER_IROM1 (Exec base: 0x08000000, Load base: 0x08000000, Size: 0x00007368, Max: 0x00100000, ABSOLUTE)

    Exec Addr    Load Addr    Size         Type   Attr      Idx    E Section Name        Object

    0x08000000   0x08000000   0x00000188   Data   RO            3    RESET               startup_stm32f40_41xxx.o
    0x08000188   0x08000188   0x00000000   Code   RO         1086  * .ARM.Collect$$$$00000000  mc_w.l(entry.o)
    0x08000188   0x08000188   0x00000004   Code   RO         1455    .ARM.Collect$$$$00000001  mc_w.l(entry2.o)
    0x0800018c   0x0800018c   0x00000004   Code   RO         1458    .ARM.Collect$$$$00000004  mc_w.l(entry5.o)
    0x08000190   0x08000190   0x00000000   Code   RO         1460    .ARM.Collect$$$$00000008  mc_w.l(entry7b.o)
    0x08000190   0x08000190   0x00000000   Code   RO         1462    .ARM.Collect$$$$0000000A  mc_w.l(entry8b.o)
    0x08000190   0x08000190   0x00000008   Code   RO         1463    .ARM.Collect$$$$0000000B  mc_w.l(entry9a.o)
    0x08000198   0x08000198   0x00000000   Code   RO         1465    .ARM.Collect$$$$0000000D  mc_w.l(entry10a.o)
    0x08000198   0x08000198   0x00000000   Code   RO         1467    .ARM.Collect$$$$0000000F  mc_w.l(entry11a.o)
    0x08000198   0x08000198   0x00000004   Code   RO         1456    .ARM.Collect$$$$00002712  mc_w.l(entry2.o)
    0x0800019c   0x0800019c   0x00000024   Code   RO            4    .text               startup_stm32f40_41xxx.o
    0x080001c0   0x080001c0   0x000000b0   Code   RO           13    .text               misc.o
    0x08000270   0x08000270   0x00000480   Code   RO          142    .text               stm32f4xx_rcc.o
    0x080006f0   0x080006f0   0x0000020c   Code   RO          168    .text               stm32f4xx_gpio.o
    0x080008fc   0x080008fc   0x00000358   Code   RO          192    .text               stm32f4xx_usart.o
    0x08000c54   0x08000c54   0x000009dc   Code   RO          216    .text               stm32f4xx_tim.o
    0x08001630   0x08001630   0x00000360   Code   RO          265    .text               stm32f4xx_i2c.o
    0x08001990   0x08001990   0x00000354   Code   RO          289    .text               stm32f4xx_adc.o
    0x08001ce4   0x08001ce4   0x00000180   Code   RO          313    .text               tm_stm32f4_delay.o
    0x08001e64   0x08001e64   0x00000688   Code   RO          361    .text               tm_stm32f4_usart.o
    0x080024ec   0x080024ec   0x0000029c   Code   RO          400    .text               tm_stm32f4_gpio.o
    0x08002788   0x08002788   0x00000950   Code   RO          427    .text               tm_stm32f4_pwm.o
    0x080030d8   0x080030d8   0x0000030c   Code   RO          487    .text               tm_stm32f4_timer_properties.o
    0x080033e4   0x080033e4   0x000001f4   Code   RO          511    .text               tm_stm32f4_dma.o
    0x080035d8   0x080035d8   0x00000482   Code   RO          619    .text               tm_stm32f4_i2c.o
    0x08003a5a   0x08003a5a   0x00000002   PAD
    0x08003a5c   0x08003a5c   0x00000344   Code   RO          646    .text               tm_stm32f4_adc.o
    0x08003da0   0x08003da0   0x0000033c   Code   RO          802    .text               tm_stm32f4_exti.o
    0x080040dc   0x080040dc   0x00000180   Code   RO          856    .text               tm_stm32f4_hmc5883l.o
    0x0800425c   0x0800425c   0x00001084   Code   RO          885    .text               main.o
    0x080052e0   0x080052e0   0x0000004c   Code   RO          949    .text               stm32f4xx_it.o
    0x0800532c   0x0800532c   0x0000017c   Code   RO          976    .text               system_stm32f4xx.o
    0x080054a8   0x080054a8   0x0000000e   Code   RO         1089    .text               mc_w.l(strlen.o)
    0x080054b6   0x080054b6   0x00000012   Code   RO         1091    .text               mc_w.l(strcpy.o)
    0x080054c8   0x080054c8   0x0000001a   Code   RO         1382    .text               mc_w.l(atoi.o)
    0x080054e2   0x080054e2   0x0000014e   Code   RO         1384    .text               mf_w.l(dadd.o)
    0x08005630   0x08005630   0x000000e4   Code   RO         1386    .text               mf_w.l(dmul.o)
    0x08005714   0x08005714   0x000000de   Code   RO         1388    .text               mf_w.l(ddiv.o)
    0x080057f2   0x080057f2   0x00000022   Code   RO         1390    .text               mf_w.l(dflti.o)
    0x08005814   0x08005814   0x0000001a   Code   RO         1392    .text               mf_w.l(dfltui.o)
    0x0800582e   0x0800582e   0x00000032   Code   RO         1396    .text               mf_w.l(dfixui.o)
    0x08005860   0x08005860   0x00000026   Code   RO         1398    .text               mf_w.l(f2d.o)
    0x08005886   0x08005886   0x00000002   PAD
    0x08005888   0x08005888   0x00000030   Code   RO         1400    .text               mf_w.l(cdcmple.o)
    0x080058b8   0x080058b8   0x00000038   Code   RO         1402    .text               mf_w.l(d2f.o)
    0x080058f0   0x080058f0   0x0000002c   Code   RO         1469    .text               mc_w.l(uidiv.o)
    0x0800591c   0x0800591c   0x00000062   Code   RO         1471    .text               mc_w.l(uldiv.o)
    0x0800597e   0x0800597e   0x0000001e   Code   RO         1473    .text               mc_w.l(llshl.o)
    0x0800599c   0x0800599c   0x00000020   Code   RO         1475    .text               mc_w.l(llushr.o)
    0x080059bc   0x080059bc   0x00000024   Code   RO         1477    .text               mc_w.l(llsshr.o)
    0x080059e0   0x080059e0   0x0000009c   Code   RO         1492    .text               mc_w.l(strtod.o)
    0x08005a7c   0x08005a7c   0x00000070   Code   RO         1494    .text               mc_w.l(strtol.o)
    0x08005aec   0x08005aec   0x00000000   Code   RO         1496    .text               mc_w.l(iusefp.o)
    0x08005aec   0x08005aec   0x0000006e   Code   RO         1497    .text               mf_w.l(fepilogue.o)
    0x08005b5a   0x08005b5a   0x000000ba   Code   RO         1499    .text               mf_w.l(depilogue.o)
    0x08005c14   0x08005c14   0x00000030   Code   RO         1505    .text               mf_w.l(dfixul.o)
    0x08005c44   0x08005c44   0x00000030   Code   RO         1507    .text               mf_w.l(cdrcmple.o)
    0x08005c74   0x08005c74   0x00000024   Code   RO         1509    .text               mc_w.l(init.o)
    0x08005c98   0x08005c98   0x00000008   Code   RO         1513    .text               mc_w.l(ctype_o.o)
    0x08005ca0   0x08005ca0   0x00000012   Code   RO         1535    .text               mc_w.l(isspace_o.o)
    0x08005cb2   0x08005cb2   0x00000002   PAD
    0x08005cb4   0x08005cb4   0x00000360   Code   RO         1541    .text               mc_w.l(scanf_fp.o)
    0x08006014   0x08006014   0x00000040   Code   RO         1545    .text               mc_w.l(_sgetc.o)
    0x08006054   0x08006054   0x0000009e   Code   RO         1547    .text               mc_w.l(_strtoul.o)
    0x080060f2   0x080060f2   0x0000001c   Code   RO         1554    .text               mc_w.l(_chval.o)
    0x0800610e   0x0800610e   0x00000018   Code   RO         1556    .text               mf_w.l(dfltul.o)
    0x08006126   0x08006126   0x00000056   Code   RO         1566    .text               mc_w.l(__dczerorl2.o)
    0x0800617c   0x0800617c   0x00000028   Code   RO         1328    i.__0sprintf        mc_w.l(printfa.o)
    0x080061a4   0x080061a4   0x00000030   Code   RO         1438    i.__ARM_fpclassify  m_wm.l(fpclassify.o)
    0x080061d4   0x080061d4   0x00000008   Code   RO         1485    i.__aeabi_errno_addr  mc_w.l(errno.o)
    0x080061dc   0x080061dc   0x00000004   PAD
    0x080061e0   0x080061e0   0x000002d8   Code   RO         1404    i.__hardfp_atan     m_wm.l(atan.o)
    0x080064b8   0x080064b8   0x000001f0   Code   RO         1054    i.__hardfp_atan2    m_wm.l(atan2.o)
    0x080066a8   0x080066a8   0x00000038   Code   RO         1066    i.__hardfp_atof     m_wm.l(atof.o)
    0x080066e0   0x080066e0   0x000000f8   Code   RO         1440    i.__kernel_poly     m_wm.l(poly.o)
    0x080067d8   0x080067d8   0x00000014   Code   RO         1419    i.__mathlib_dbl_infnan  m_wm.l(dunder.o)
    0x080067ec   0x080067ec   0x00000014   Code   RO         1420    i.__mathlib_dbl_infnan2  m_wm.l(dunder.o)
    0x08006800   0x08006800   0x00000020   Code   RO         1424    i.__mathlib_dbl_underflow  m_wm.l(dunder.o)
    0x08006820   0x08006820   0x0000000c   Code   RO         1486    i.__read_errno      mc_w.l(errno.o)
    0x0800682c   0x0800682c   0x0000000e   Code   RO         1560    i.__scatterload_copy  mc_w.l(handlers.o)
    0x0800683a   0x0800683a   0x00000002   Code   RO         1561    i.__scatterload_null  mc_w.l(handlers.o)
    0x0800683c   0x0800683c   0x0000000e   Code   RO         1562    i.__scatterload_zeroinit  mc_w.l(handlers.o)
    0x0800684a   0x0800684a   0x00000002   PAD
    0x0800684c   0x0800684c   0x0000000c   Code   RO         1487    i.__set_errno       mc_w.l(errno.o)
    0x08006858   0x08006858   0x00000184   Code   RO         1333    i._fp_digits        mc_w.l(printfa.o)
    0x080069dc   0x080069dc   0x0000000e   Code   RO         1543    i._is_digit         mc_w.l(scanf_fp.o)
    0x080069ea   0x080069ea   0x00000002   PAD
    0x080069ec   0x080069ec   0x000006dc   Code   RO         1334    i._printf_core      mc_w.l(printfa.o)
    0x080070c8   0x080070c8   0x00000024   Code   RO         1335    i._printf_post_padding  mc_w.l(printfa.o)
    0x080070ec   0x080070ec   0x0000002e   Code   RO         1336    i._printf_pre_padding  mc_w.l(printfa.o)
    0x0800711a   0x0800711a   0x0000000a   Code   RO         1338    i._sputc            mc_w.l(printfa.o)
    0x08007124   0x08007124   0x00000010   Code   RO         1406    i.atan              m_wm.l(atan.o)
    0x08007134   0x08007134   0x00000018   Code   RO         1434    i.fabs              m_wm.l(fabs.o)
    0x0800714c   0x0800714c   0x00000050   Code   RO         1354    i.free              mc_w.l(malloc.o)
    0x0800719c   0x0800719c   0x0000006c   Code   RO         1355    i.malloc            mc_w.l(malloc.o)
    0x08007208   0x08007208   0x00000014   Data   RO          512    .constdata          tm_stm32f4_dma.o
    0x0800721c   0x0800721c   0x00000004   PAD
    0x08007220   0x08007220   0x00000098   Data   RO         1407    .constdata          m_wm.l(atan.o)
    0x080072b8   0x080072b8   0x00000008   Data   RO         1442    .constdata          m_wm.l(qnan.o)
    0x080072c0   0x080072c0   0x00000081   Data   RO         1514    .constdata          mc_w.l(ctype_o.o)
    0x08007341   0x08007341   0x00000003   PAD
    0x08007344   0x08007344   0x00000004   Data   RO         1515    .constdata          mc_w.l(ctype_o.o)
    0x08007348   0x08007348   0x00000020   Data   RO         1558    Region$$Table       anon$$obj.o


    Execution Region RW_IRAM1 (Exec base: 0x20000000, Load base: 0x08007368, Size: 0x00001048, Max: 0x00020000, ABSOLUTE, COMPRESSED[0x00000058])

    Exec Addr    Load Addr    Size         Type   Attr      Idx    E Section Name        Object

    0x20000000   COMPRESSED   0x00000010   Data   RW          143    .data               stm32f4xx_rcc.o
    0x20000010   COMPRESSED   0x00000010   Data   RW          316    .data               tm_stm32f4_delay.o
    0x20000020   COMPRESSED   0x00000060   Data   RW          368    .data               tm_stm32f4_usart.o
    0x20000080   COMPRESSED   0x00000010   Data   RW          620    .data               tm_stm32f4_i2c.o
    0x20000090   COMPRESSED   0x00000008   Data   RW          857    .data               tm_stm32f4_hmc5883l.o
    0x20000098   COMPRESSED   0x00000140   Data   RW          887    .data               main.o
    0x200001d8   COMPRESSED   0x00000014   Data   RW          977    .data               system_stm32f4xx.o
    0x200001ec   COMPRESSED   0x00000004   Data   RW         1483    .data               mc_w.l(mvars.o)
    0x200001f0   COMPRESSED   0x00000004   Data   RW         1484    .data               mc_w.l(mvars.o)
    0x200001f4   COMPRESSED   0x00000004   Data   RW         1488    .data               mc_w.l(errno.o)
    0x200001f8        -       0x00000018   Zero   RW          314    .bss                tm_stm32f4_delay.o
    0x20000210        -       0x00000040   Zero   RW          362    .bss                tm_stm32f4_usart.o
    0x20000250        -       0x00000040   Zero   RW          363    .bss                tm_stm32f4_usart.o
    0x20000290        -       0x00000040   Zero   RW          364    .bss                tm_stm32f4_usart.o
    0x200002d0        -       0x00000040   Zero   RW          365    .bss                tm_stm32f4_usart.o
    0x20000310        -       0x00000040   Zero   RW          366    .bss                tm_stm32f4_usart.o
    0x20000350        -       0x00000040   Zero   RW          367    .bss                tm_stm32f4_usart.o
    0x20000390        -       0x00000016   Zero   RW          401    .bss                tm_stm32f4_gpio.o
    0x200003a6   COMPRESSED   0x00000002   PAD
    0x200003a8        -       0x0000049a   Zero   RW          886    .bss                main.o
    0x20000842   COMPRESSED   0x00000006   PAD
    0x20000848        -       0x00000400   Zero   RW            2    HEAP                startup_stm32f40_41xxx.o
    0x20000c48        -       0x00000400   Zero   RW            1    STACK               startup_stm32f40_41xxx.o


==============================================================================

Image component sizes


      Code (inc. data)   RO Data    RW Data    ZI Data      Debug   Object Name

      4228        522          0        320       1178      16001   main.o
       176         12          0          0          0     313893   misc.o
        36          8        392          0       2048       1064   startup_stm32f40_41xxx.o
       852         20          0          0          0      11358   stm32f4xx_adc.o
       524         44          0          0          0       4889   stm32f4xx_gpio.o
       864         20          0          0          0       9607   stm32f4xx_i2c.o
        76          6          0          0          0       1800   stm32f4xx_it.o
      1152         48          0         16          0      13900   stm32f4xx_rcc.o
      2524         52          0          0          0      24438   stm32f4xx_tim.o
       856         32          0          0          0       8704   stm32f4xx_usart.o
       380         36          0         20          0       2087   system_stm32f4xx.o
       836         32          0          0          0       7481   tm_stm32f4_adc.o
         0          0          0          0          0       1428   tm_stm32f4_bmp180.o
       384         20          0         16         24      33550   tm_stm32f4_delay.o
       500         16         20          0          0      32425   tm_stm32f4_dma.o
       828         14          0          0          0       4204   tm_stm32f4_exti.o
       668         14          0          0         22       5598   tm_stm32f4_gpio.o
       384         58          0          8          0       4475   tm_stm32f4_hmc5883l.o
      1154         44          0         16          0       7487   tm_stm32f4_i2c.o
      2384        130          0          0          0      10970   tm_stm32f4_pwm.o
       780         64          0          0          0       2914   tm_stm32f4_timer_properties.o
      1672         76          0         96        384      15145   tm_stm32f4_usart.o

    ----------------------------------------------------------------------
     21260       1268        448        492       3664     533418   Object Totals
         0          0         32          0          0          0   (incl. Generated)
         2          0          4          0          8          0   (incl. Padding)

    ----------------------------------------------------------------------

      Code (inc. data)   RO Data    RW Data    ZI Data      Debug   Library Member Name

       744        106        152          0          0        352   atan.o
       496         64          0          0          0        192   atan2.o
        56         12          0          0          0        132   atof.o
        72          8          0          0          0        372   dunder.o
        24          0          0          0          0        124   fabs.o
        48          0          0          0          0        124   fpclassify.o
       248          0          0          0          0        152   poly.o
         0          0          8          0          0          0   qnan.o
        86          0          0          0          0          0   __dczerorl2.o
        28          0          0          0          0         68   _chval.o
        64          0          0          0          0         84   _sgetc.o
       158          0          0          0          0         92   _strtoul.o
        26          0          0          0          0         80   atoi.o
         8          4        133          0          0         68   ctype_o.o
         0          0          0          0          0          0   entry.o
         0          0          0          0          0          0   entry10a.o
         0          0          0          0          0          0   entry11a.o
         8          4          0          0          0          0   entry2.o
         4          0          0          0          0          0   entry5.o
         0          0          0          0          0          0   entry7b.o
         0          0          0          0          0          0   entry8b.o
         8          4          0          0          0          0   entry9a.o
        32         16          0          4          0        204   errno.o
        30          0          0          0          0          0   handlers.o
        36          8          0          0          0         68   init.o
        18          0          0          0          0         76   isspace_o.o
         0          0          0          0          0          0   iusefp.o
        30          0          0          0          0         68   llshl.o
        36          0          0          0          0         68   llsshr.o
        32          0          0          0          0         68   llushr.o
       188         20          0          0          0        160   malloc.o
         0          0          0          8          0          0   mvars.o
      2276         86          0          0          0        520   printfa.o
       878         12          0          0          0        216   scanf_fp.o
        18          0          0          0          0         68   strcpy.o
        14          0          0          0          0         68   strlen.o
       156         12          0          0          0        120   strtod.o
       112          0          0          0          0         88   strtol.o
        44          0          0          0          0         80   uidiv.o
        98          0          0          0          0         92   uldiv.o
        48          0          0          0          0         68   cdcmple.o
        48          0          0          0          0         68   cdrcmple.o
        56          0          0          0          0         88   d2f.o
       334          0          0          0          0        148   dadd.o
       222          0          0          0          0        100   ddiv.o
       186          0          0          0          0        176   depilogue.o
        50          0          0          0          0         76   dfixui.o
        48          0          0          0          0         68   dfixul.o
        34          0          0          0          0         76   dflti.o
        26          0          0          0          0         76   dfltui.o
        24          0          0          0          0         76   dfltul.o
       228          0          0          0          0         96   dmul.o
        38          0          0          0          0         68   f2d.o
       110          0          0          0          0        168   fepilogue.o

    ----------------------------------------------------------------------
      7540        360        296         12          0       5156   Library Totals
        12          4          3          0          0          0   (incl. Padding)

    ----------------------------------------------------------------------

      Code (inc. data)   RO Data    RW Data    ZI Data      Debug   Library Name

      1688        190        160          0          0       1448   m_wm.l
      4388        166        133         12          0       2356   mc_w.l
      1452          0          0          0          0       1352   mf_w.l

    ----------------------------------------------------------------------
      7540        360        296         12          0       5156   Library Totals

    ----------------------------------------------------------------------

==============================================================================


      Code (inc. data)   RO Data    RW Data    ZI Data      Debug   

     28800       1628        744        504       3664     529930   Grand Totals
     28800       1628        744         88       3664     529930   ELF Image Totals (compressed)
     28800       1628        744         88          0          0   ROM Totals

==============================================================================

    Total RO  Size (Code + RO Data)                29544 (  28.85kB)
    Total RW  Size (RW Data + ZI Data)              4168 (   4.07kB)
    Total ROM Size (Code + RO Data + RW Data)      29632 (  28.94kB)

==============================================================================

